Component: ARM Compiler 5.06 update 4 (build 422) Tool: armlink [4d35d2]

==============================================================================

Section Cross References

    main.o(.text) refers to all_init.o(.text) for All_init
    main.o(.text) refers to gen_scheduler.o(.text) for Scheduler_Run
    main.o(.text) refers to gen_structconfig.o(.bss) for flag
    system_stm32f4xx.o(.text) refers to system_stm32f4xx.o(.data) for SystemCoreClock
    all_init.o(.text) refers to usart.o(.text) for uart_init
    all_init.o(.text) refers to usart2.o(.text) for usart2_init
    all_init.o(.text) refers to usart4.o(.text) for uart4_init
    all_init.o(.text) refers to misc.o(.text) for NVIC_PriorityGroupConfig
    all_init.o(.text) refers to delay.o(.text) for delay_init
    all_init.o(.text) refers to drv_led.o(.text) for LED_Init
    all_init.o(.text) refers to drv_key.o(.text) for KEY_Init
    all_init.o(.text) refers to drv_oled.o(.text) for OLED_Init
    all_init.o(.text) refers to drv_timer.o(.text) for dev_SysTick_init
    all_init.o(.text) refers to drv_adc.o(.text) for ADC1_Init
    all_init.o(.text) refers to arm_fir_f32.o(.text) for fir_init
    all_init.o(.text) refers to uppercomputer_ano_v7.o(.data) for ANO_V7_SendOutPut_uart
    all_init.o(.text) refers to gen_structconfig.o(.bss) for flag
    gen_scheduler.o(.text) refers to motion_comp.o(.text) for mode_check
    gen_scheduler.o(.text) refers to dfixi.o(.text) for __aeabi_d2iz
    gen_scheduler.o(.text) refers to dflti.o(.text) for __aeabi_i2d
    gen_scheduler.o(.text) refers to ddiv.o(.text) for __aeabi_ddiv
    gen_scheduler.o(.text) refers to d2f.o(.text) for __aeabi_d2f
    gen_scheduler.o(.text) refers to drv_adc.o(.text) for measure_T
    gen_scheduler.o(.text) refers to usart4.o(.text) for APP_packet
    gen_scheduler.o(.text) refers to drv_timer.o(.text) for GetTimingTick
    gen_scheduler.o(.text) refers to gen_structconfig.o(.data) for stcAngle
    gen_scheduler.o(.text) refers to gen_structconfig.o(.bss) for motion
    gen_scheduler.o(.text) refers to uppercomputer_ano_v7.o(.data) for ANO_v7_Data_i
    gen_scheduler.o(.text) refers to uppercomputer_ano_v7.o(.bss) for ANO_v7_Data
    gen_scheduler.o(.text) refers to gen_scheduler.o(.data) for APP_wave_form
    gen_scheduler.o(.data) refers to drv_timer.o(.text) for Task_SysTick
    gen_scheduler.o(.data) refers to gen_scheduler.o(.text) for Task1
    control_oled.o(.text) refers to drv_oled.o(.text) for OLED_DrawBMP
    control_oled.o(.text) refers to gen_structconfig.o(.bss) for heart
    control_oled.o(.text) refers to control_oled.o(.data) for mode11
    motion_comp.o(.text) refers to dmul.o(.text) for __aeabi_dmul
    motion_comp.o(.text) refers to ddiv.o(.text) for __aeabi_ddiv
    motion_comp.o(.text) refers to dadd.o(.text) for __aeabi_dadd
    motion_comp.o(.text) refers to fabs.o(i.__hardfp_fabs) for __hardfp_fabs
    motion_comp.o(.text) refers to cdcmple.o(.text) for __aeabi_cdcmple
    motion_comp.o(.text) refers to dflti.o(.text) for __aeabi_i2d
    motion_comp.o(.text) refers to dfixi.o(.text) for __aeabi_d2iz
    motion_comp.o(.text) refers to drv_key.o(.text) for Key_Run
    motion_comp.o(.text) refers to control_oled.o(.text) for oled_mode_display
    motion_comp.o(.text) refers to drv_adc.o(.text) for measure_T
    motion_comp.o(.text) refers to drv_oled.o(.text) for OLED_Temperature
    motion_comp.o(.text) refers to dfixui.o(.text) for __aeabi_d2uiz
    motion_comp.o(.text) refers to dfltui.o(.text) for __aeabi_ui2d
    motion_comp.o(.text) refers to delay.o(.text) for delay_ms
    motion_comp.o(.text) refers to gen_structconfig.o(.data) for stcAcc
    motion_comp.o(.text) refers to gen_structconfig.o(.bss) for acc
    motion_comp.o(.text) refers to motion_comp.o(.data) for accDst
    motion_comp.o(.text) refers to usart4.o(.data) for UART4_Buffer
    arm_fir_f32.o(.text) refers to arm_fir_init_f32.o(.text) for arm_fir_init_f32
    arm_fir_f32.o(.text) refers to arm_fir_f32.o(.bss) for JY61_Signal_firStateF32
    arm_fir_f32.o(.text) refers to arm_fir_f32.o(.constdata) for JY61_Signal_firCoeffs32LP
    drv_timer.o(.text) refers to stm32f4xx_rcc.o(.text) for RCC_APB1PeriphClockCmd
    drv_timer.o(.text) refers to stm32f4xx_tim.o(.text) for TIM_TimeBaseInit
    drv_timer.o(.text) refers to usart.o(.text) for CHeck
    drv_timer.o(.text) refers to dflti.o(.text) for __aeabi_i2d
    drv_timer.o(.text) refers to dmul.o(.text) for __aeabi_dmul
    drv_timer.o(.text) refers to dfixi.o(.text) for __aeabi_d2iz
    drv_timer.o(.text) refers to cdrcmple.o(.text) for __aeabi_cdrcmple
    drv_timer.o(.text) refers to dadd.o(.text) for __aeabi_dsub
    drv_timer.o(.text) refers to misc.o(.text) for NVIC_Init
    drv_timer.o(.text) refers to drv_oled.o(.text) for Waveform_deal
    drv_timer.o(.text) refers to drv_timer.o(.data) for g_TimingTick
    drv_timer.o(.text) refers to gen_structconfig.o(.bss) for data_buf
[...]
    .data                                    0x20000014   Section       72  gen_scheduler.o(.data)
    sched_tasks                              0x20000020   Data          60  gen_scheduler.o(.data)
    .data                                    0x2000005c   Section      117  gen_structconfig.o(.data)
    .data                                    0x200000d1   Section     1584  control_oled.o(.data)
    .data                                    0x20000708   Section       16  motion_comp.o(.data)
    accDst                                   0x20000708   Data           8  motion_comp.o(.data)
    angleYaw                                 0x20000710   Data           4  motion_comp.o(.data)
    last_angleYaw                            0x20000714   Data           4  motion_comp.o(.data)
    .data                                    0x20000718   Section        8  drv_timer.o(.data)
    .data                                    0x20000720   Section        1  drv_key.o(.data)
    key_up                                   0x20000720   Data           1  drv_key.o(.data)
    .data                                    0x20000722   Section        3  drv_i2c.o(.data)
    .data                                    0x20000725   Section    21505  drv_oled.o(.data)
    waveSample_times                         0x20005b25   Data           1  drv_oled.o(.data)
    .data                                    0x20005b26   Section       32  drv_ads1292.o(.data)
    .data                                    0x20005b48   Section       12  uppercomputer_ano_v7.o(.data)
    .data                                    0x20005b54   Section       16  stm32f4xx_rcc.o(.data)
    APBAHBPrescTable                         0x20005b54   Data          16  stm32f4xx_rcc.o(.data)
    .data                                    0x20005b64   Section        4  delay.o(.data)
    fac_us                                   0x20005b64   Data           1  delay.o(.data)
    fac_ms                                   0x20005b66   Data           2  delay.o(.data)
    .data                                    0x20005b68   Section       35  usart.o(.data)
    .data                                    0x20005b8b   Section        1  usart3_it.o(.data)
    i                                        0x20005b8b   Data           1  usart3_it.o(.data)
    .data                                    0x20005b8c   Section        6  usart4.o(.data)
    .data                                    0x20005b92   Section        1  usart2.o(.data)
    .data                                    0x20005b94   Section        4  errno.o(.data)
    _errno                                   0x20005b94   Data           4  errno.o(.data)
    .bss                                     0x20005b98   Section      404  gen_structconfig.o(.bss)
    .bss                                     0x20005d2c   Section     2160  arm_fir_f32.o(.bss)
    ECG_Signal_firStateF32                   0x20005d44   Data        2004  arm_fir_f32.o(.bss)
    JY61_Signal_firStateF32                  0x20006518   Data         132  arm_fir_f32.o(.bss)
    .bss                                     0x2000659c   Section       16  drv_key.o(.bss)
    .bss                                     0x200065ac   Section     1024  drv_oled.o(.bss)
    .bss                                     0x200069ac   Section       21  drv_ads1292.o(.bss)
    .bss                                     0x200069c4   Section      500  uppercomputer_ano_v7.o(.bss)
    ANO_DataSend                             0x20006b54   Data         100  uppercomputer_ano_v7.o(.bss)
    .bss                                     0x20006bb8   Section      209  usart.o(.bss)
    .bss                                     0x20006c89   Section      250  usart3_it.o(.bss)
    rebuf                                    0x20006c89   Data         250  usart3_it.o(.bss)
    .bss                                     0x20006d83   Section      260  usart2.o(.bss)
    STACK                                    0x20006e88   Section     1024  startup_stm32f40_41xxx.o(STACK)

    Global Symbols

    Symbol Name                              Value     Ov Type        Size  Object(Section)

    BuildAttributes$$THM_ISAv4$E$P$D$K$B$S$7EM$VFPi3$EXTD16$VFPS$VFMA$PE$A:L22UL41UL21$X:L11$S22US41US21$IEEE1$IW$USESV6$~STKCKD$USESV7$~SHL$OTIME$ROPI$IEEEX$EBA8$MICROLIB$REQ8$PRES8$EABIv2 0x00000000   Number         0  anon$$obj.o ABSOLUTE
    __ARM_use_no_argv                        0x00000000   Number         0  main.o ABSOLUTE
    __use_no_errno                           0x00000000   Number         0  useno.o ABSOLUTE
    __use_no_exception_handling              0x00000000   Number         0  useno.o ABSOLUTE
    __use_no_fp                              0x00000000   Number         0  useno.o ABSOLUTE
    __use_no_heap                            0x00000000   Number         0  useno.o ABSOLUTE
    __use_no_heap_region                     0x00000000   Number         0  useno.o ABSOLUTE
    __use_no_semihosting                     0x00000000   Number         0  useno.o ABSOLUTE
    __use_no_semihosting_swi                 0x00000000   Number         0  useno.o ABSOLUTE
    __use_no_signal_handling                 0x00000000   Number         0  useno.o ABSOLUTE
    _printf_a                                0x00000000   Number         0  stubs.o ABSOLUTE
    _printf_c                                0x00000000   Number         0  stubs.o ABSOLUTE
    _printf_charcount                        0x00000000   Number         0  stubs.o ABSOLUTE
    _printf_d                                0x00000000   Number         0  stubs.o ABSOLUTE
    _printf_e                                0x00000000   Number         0  stubs.o ABSOLUTE
    _printf_f                                0x00000000   Number         0  stubs.o ABSOLUTE
    _printf_flags                            0x00000000   Number         0  stubs.o ABSOLUTE
    _printf_fp_dec                           0x00000000   Number         0  stubs.o ABSOLUTE
    _printf_fp_hex                           0x00000000   Number         0  stubs.o ABSOLUTE
    _printf_g                                0x00000000   Number         0  stubs.o ABSOLUTE
    _printf_i                                0x00000000   Number         0  stubs.o ABSOLUTE
    _printf_int_dec                          0x00000000   Number         0  stubs.o ABSOLUTE
    _printf_l                                0x00000000   Number         0  stubs.o ABSOLUTE
    _printf_lc                               0x00000000   Number         0  stubs.o ABSOLUTE
    _printf_ll                               0x00000000   Number         0  stubs.o ABSOLUTE
    _printf_lld                              0x00000000   Number         0  stubs.o ABSOLUTE
    _printf_lli                              0x00000000   Number         0  stubs.o ABSOLUTE
    _printf_llo                              0x00000000   Number         0  stubs.o ABSOLUTE
    _printf_llu                              0x00000000   Number         0  stubs.o ABSOLUTE
    _printf_llx                              0x00000000   Number         0  stubs.o ABSOLUTE
    _printf_longlong_dec                     0x00000000   Number         0  stubs.o ABSOLUTE
    _printf_longlong_hex                     0x00000000   Number         0  stubs.o ABSOLUTE
    _printf_longlong_oct                     0x00000000   Number         0  stubs.o ABSOLUTE
    _printf_ls                               0x00000000   Number         0  stubs.o ABSOLUTE
    _printf_mbtowc                           0x00000000   Number         0  stubs.o ABSOLUTE
    _printf_n                                0x00000000   Number         0  stubs.o ABSOLUTE
    _printf_o                                0x00000000   Number         0  stubs.o ABSOLUTE
    _printf_p                                0x00000000   Number         0  stubs.o ABSOLUTE
    _printf_percent                          0x00000000   Number         0  stubs.o ABSOLUTE
    _printf_pre_padding                      0x00000000   Number         0  stubs.o ABSOLUTE
    _printf_return_value                     0x00000000   Number         0  stubs.o ABSOLUTE
    _printf_s                                0x00000000   Number         0  stubs.o ABSOLUTE
    _printf_sizespec                         0x00000000   Number         0  stubs.o ABSOLUTE
    _printf_str                              0x00000000   Number         0  stubs.o ABSOLUTE
    _printf_truncate_signed                  0x00000000   Number         0  stubs.o ABSOLUTE
    _printf_truncate_unsigned                0x00000000   Number         0  stubs.o ABSOLUTE
    _printf_u                                0x00000000   Number         0  stubs.o ABSOLUTE
    _printf_wc                               0x00000000   Number         0  stubs.o ABSOLUTE
    _printf_wctomb                           0x00000000   Number         0  stubs.o ABSOLUTE
    _printf_widthprec                        0x00000000   Number         0  stubs.o ABSOLUTE
    _printf_x                                0x00000000   Number         0  stubs.o ABSOLUTE
    __cpp_initialize__aeabi_                  - Undefined Weak Reference
    __cxa_finalize                            - Undefined Weak Reference
    _clock_init                               - Undefined Weak Reference
    _microlib_exit                            - Undefined Weak Reference
    __Vectors_Size                           0x00000188   Number         0  startup_stm32f40_41xxx.o ABSOLUTE
    __Vectors                                0x08000000   Data           4  startup_stm32f40_41xxx.o(RESET)
    __Vectors_End                            0x08000188   Data           0  startup_stm32f40_41xxx.o(RESET)
    __main                                   0x08000189   Thumb Code     0  entry.o(.ARM.Collect$$$$00000000)
    _main_stk                                0x08000189   Thumb Code     0  entry2.o(.ARM.Collect$$$$00000001)
    _main_scatterload                        0x0800018d   Thumb Code     0  entry5.o(.ARM.Collect$$$$00000004)
    __main_after_scatterload                 0x08000191   Thumb Code     0  entry5.o(.ARM.Collect$$$$00000004)
    _main_clock                              0x08000191   Thumb Code     0  entry7b.o(.ARM.Collect$$$$00000008)
    _main_cpp_init                           0x08000191   Thumb Code     0  entry8b.o(.ARM.Collect$$$$0000000A)
    _main_init                               0x08000191   Thumb Code     0  entry9a.o(.ARM.Collect$$$$0000000B)
    __rt_final_cpp                           0x08000199   Thumb Code     0  entry10a.o(.ARM.Collect$$$$0000000D)
    __rt_final_exit                          0x08000199   Thumb Code     0  entry11a.o(.ARM.Collect$$$$0000000F)
    main                                     0x0800019d   Thumb Code    24  main.o(.text)
    NMI_Handler                              0x080001b9   Thumb Code     2  stm32f4xx_it.o(.text)
    HardFault_Handler                        0x080001bb   Thumb Code     4  stm32f4xx_it.o(.text)
    MemManage_Handler                        0x080001bf   Thumb Code     4  stm32f4xx_it.o(.text)
    BusFault_Handler                         0x080001c3   Thumb Code     4  stm32f4xx_it.o(.text)
    UsageFault_Handler                       0x080001c7   Thumb Code     4  stm32f4xx_it.o(.text)
    SVC_Handler                              0x080001cb   Thumb Code     2  stm32f4xx_it.o(.text)
    DebugMon_Handler                         0x080001cd   Thumb Code     2  stm32f4xx_it.o(.text)
    PendSV_Handler                           0x080001cf   Thumb Code     2  stm32f4xx_it.o(.text)
    SysTick_Handler                          0x080001d1   Thumb Code     2  stm32f4xx_it.o(.text)
    SystemInit                               0x080002e5   Thumb Code    88  system_stm32f4xx.o(.text)
    SystemCoreClockUpdate                    0x0800033d   Thumb Code   174  system_stm32f4xx.o(.text)
    All_init                                 0x08000419   Thumb Code   136  all_init.o(.text)
    Scheduler_Run                            0x08000569   Thumb Code    80  gen_scheduler.o(.text)
    oled_display2_mode                       0x080005f5   Thumb Code   712  control_oled.o(.text)
    oled_display1_mode                       0x080008bd   Thumb Code   274  control_oled.o(.text)
    oled_display1                            0x080009cf   Thumb Code   156  control_oled.o(.text)
    oled_mode_display                        0x08000a6b   Thumb Code   124  control_oled.o(.text)
    getCubeRoot                              0x08000af5   Thumb Code   202  motion_comp.o(.text)
    get_acc                                  0x08000bbf   Thumb Code    22  motion_comp.o(.text)
    motion_comp                              0x08000bd5   Thumb Code   174  motion_comp.o(.text)
    mode_check                               0x08000c83   Thumb Code    12  motion_comp.o(.text)
    main_controller                          0x08000c8f   Thumb Code    72  motion_comp.o(.text)
    lowfilter                                0x08000cd7   Thumb Code   116  motion_comp.o(.text)
    lowfilter2                               0x08000d4b   Thumb Code   174  motion_comp.o(.text)
    lowfilter3                               0x08000df9   Thumb Code    84  motion_comp.o(.text)
    fir_init                                 0x08000ea9   Thumb Code    20  arm_fir_f32.o(.text)
    dev_SysTick_init                         0x08000ec9   Thumb Code    64  drv_timer.o(.text)
    GetTimingTick                            0x08000f09   Thumb Code     6  drv_timer.o(.text)
    Task_SysTick                             0x08000f0f   Thumb Code   768  drv_timer.o(.text)
    TIM3_Int_Init                            0x0800120f   Thumb Code    86  drv_timer.o(.text)
    TIM3_IRQHandler                          0x08001265   Thumb Code    42  drv_timer.o(.text)
    KEY_Init                                 0x080012e9   Thumb Code    62  drv_key.o(.text)
    KEY_Scan                                 0x08001327   Thumb Code   194  drv_key.o(.text)
    Key_Run                                  0x080013e9   Thumb Code   306  drv_key.o(.text)
    LED_Init                                 0x0800153d   Thumb Code    60  drv_led.o(.text)
    IIC_Init                                 0x0800157d   Thumb Code   178  drv_i2c.o(.text)
    I2C_ReadByte                             0x0800162f   Thumb Code   324  drv_i2c.o(.text)
    I2C_WriteByte                            0x08001773   Thumb Code   240  drv_i2c.o(.text)
    OLED_Write_Data                          0x08001881   Thumb Code    18  drv_oled.o(.text)
    OLED_Write_Command                       0x08001893   Thumb Code    18  drv_oled.o(.text)
    OLED_Display_On                          0x080018a5   Thumb Code    40  drv_oled.o(.text)
    OLED_Display_Off                         0x080018cd   Thumb Code    40  drv_oled.o(.text)
    OLED_Set_Pos                             0x080018f5   Thumb Code    54  drv_oled.o(.text)
    OLED_Clear                               0x0800192b   Thumb Code    80  drv_oled.o(.text)
    OLED_DrawBMP                             0x0800197b   Thumb Code    74  drv_oled.o(.text)
    OLED_Init                                0x080019c5   Thumb Code   458  drv_oled.o(.text)
    OLED_DrawBlack                           0x08001b8f   Thumb Code    64  drv_oled.o(.text)
    OLED_Roll                                0x08001bcf   Thumb Code   178  drv_oled.o(.text)
    OLED_Refresh                             0x08001c81   Thumb Code   234  drv_oled.o(.text)
    OLED_Temperature                         0x08001d6b   Thumb Code   342  drv_oled.o(.text)
    OLED_Refresh_Gram                        0x08001ec1   Thumb Code    62  drv_oled.o(.text)
    OLED_Clear2                              0x08001eff   Thumb Code    42  drv_oled.o(.text)
    OLED_DrawPoint                           0x08001f29   Thumb Code   100  drv_oled.o(.text)
    myabs                                    0x08001f8d   Thumb Code    14  drv_oled.o(.text)
    OLED_Waveform_display                    0x08001f9b   Thumb Code   292  drv_oled.o(.text)
    Waveform_deal                            0x080020bf   Thumb Code   172  drv_oled.o(.text)
    ADC1_Init                                0x08002181   Thumb Code   142  drv_adc.o(.text)
    Get_Adc                                  0x0800220f   Thumb Code    44  drv_adc.o(.text)
    filter                                   0x0800223b   Thumb Code    38  drv_adc.o(.text)
    measure_T                                0x08002261   Thumb Code   316  drv_adc.o(.text)
    SPI4_ReadWriteByte                       0x080023d1   Thumb Code    50  drv_spi.o(.text)
    SPI4_Init                                0x08002403   Thumb Code   180  drv_spi.o(.text)
    SPI4_SetSpeed                            0x080024b7   Thumb Code    36  drv_spi.o(.text)
    ADS1292_SPI                              0x080024e5   Thumb Code    12  drv_ads1292.o(.text)
    ADS1292_WR_REGS                          0x080024f1   Thumb Code   120  drv_ads1292.o(.text)
    ADS1292_Send_CMD                         0x08002569   Thumb Code    38  drv_ads1292.o(.text)
    ADS1292_PowerOnInit                      0x0800258f   Thumb Code    98  drv_ads1292.o(.text)
    ADS1292_Init                             0x080025f1   Thumb Code   174  drv_ads1292.o(.text)
    ADS1292_Read_Data                        0x0800269f   Thumb Code    42  drv_ads1292.o(.text)
    EXTI4_IRQHandler                         0x080026c9   Thumb Code    30  drv_ads1292.o(.text)
    ADS1292_SET_REGBUFF                      0x080026e7   Thumb Code   664  drv_ads1292.o(.text)
    ADS1292_WRITE_REGBUFF                    0x0800297f   Thumb Code   156  drv_ads1292.o(.text)
    ADS1292_Single_Test                      0x08002a1b   Thumb Code    38  drv_ads1292.o(.text)
    ADS1292_Noise_Test                       0x08002a41   Thumb Code    38  drv_ads1292.o(.text)
    ADS1292_Single_Read                      0x08002a67   Thumb Code    36  drv_ads1292.o(.text)
    Set_ADS1292_Collect                      0x08002a8b   Thumb Code    82  drv_ads1292.o(.text)
    Reset_Handler                            0x08002b31   Thumb Code     8  startup_stm32f40_41xxx.o(.text)
    ADC_IRQHandler                           0x08002b4b   Thumb Code     0  startup_stm32f40_41xxx.o(.text)
    CAN1_RX0_IRQHandler                      0x08002b4b   Thumb Code     0  startup_stm32f40_41xxx.o(.text)
    CAN1_RX1_IRQHandler                      0x08002b4b   Thumb Code     0  startup_stm32f40_41xxx.o(.text)
    CAN1_SCE_IRQHandler                      0x08002b4b   Thumb Code     0  startup_stm32f40_41xxx.o(.text)
    CAN1_TX_IRQHandler                       0x08002b4b   Thumb Code     0  startup_stm32f40_41xxx.o(.text)
    CAN2_RX0_IRQHandler                      0x08002b4b   Thumb Code     0  startup_stm32f40_41xxx.o(.text)
    CAN2_RX1_IRQHandler                      0x08002b4b   Thumb Code     0  startup_stm32f40_41xxx.o(.text)
    CAN2_SCE_IRQHandler                      0x08002b4b   Thumb Code     0  startup_stm32f40_41xxx.o(.text)
    CAN2_TX_IRQHandler                       0x08002b4b   Thumb Code     0  startup_stm32f40_41xxx.o(.text)
    CRYP_IRQHandler                          0x08002b4b   Thumb Code     0  startup_stm32f40_41xxx.o(.text)
    DCMI_IRQHandler                          0x08002b4b   Thumb Code     0  startup_stm32f40_41xxx.o(.text)
    DMA1_Stream0_IRQHandler                  0x08002b4b   Thumb Code     0  startup_stm32f40_41xxx.o(.text)
    DMA1_Stream1_IRQHandler                  0x08002b4b   Thumb Code     0  startup_stm32f40_41xxx.o(.text)
    DMA1_Stream2_IRQHandler                  0x08002b4b   Thumb Code     0  startup_stm32f40_41xxx.o(.text)
    DMA1_Stream3_IRQHandler                  0x08002b4b   Thumb Code     0  startup_stm32f40_41xxx.o(.text)
    DMA1_Stream4_IRQHandler                  0x08002b4b   Thumb Code     0  startup_stm32f40_41xxx.o(.text)
    DMA1_Stream5_IRQHandler                  0x08002b4b   Thumb Code     0  startup_stm32f40_41xxx.o(.text)
    DMA1_Stream6_IRQHandler                  0x08002b4b   Thumb Code     0  startup_stm32f40_41xxx.o(.text)
    DMA1_Stream7_IRQHandler                  0x08002b4b   Thumb Code     0  startup_stm32f40_41xxx.o(.text)
    DMA2_Stream0_IRQHandler                  0x08002b4b   Thumb Code     0  startup_stm32f40_41xxx.o(.text)
    DMA2_Stream1_IRQHandler                  0x08002b4b   Thumb Code     0  startup_stm32f40_41xxx.o(.text)
    DMA2_Stream2_IRQHandler                  0x08002b4b   Thumb Code     0  startup_stm32f40_41xxx.o(.text)
    DMA2_Stream3_IRQHandler                  0x08002b4b   Thumb Code     0  startup_stm32f40_41xxx.o(.text)
    DMA2_Stream4_IRQHandler                  0x08002b4b   Thumb Code     0  startup_stm32f40_41xxx.o(.text)
    DMA2_Stream5_IRQHandler                  0x08002b4b   Thumb Code     0  startup_stm32f40_41xxx.o(.text)
    DMA2_Stream6_IRQHandler                  0x08002b4b   Thumb Code     0  startup_stm32f40_41xxx.o(.text)
    DMA2_Stream7_IRQHandler                  0x08002b4b   Thumb Code     0  startup_stm32f40_41xxx.o(.text)
    ETH_IRQHandler                           0x08002b4b   Thumb Code     0  startup_stm32f40_41xxx.o(.text)
    ETH_WKUP_IRQHandler                      0x08002b4b   Thumb Code     0  startup_stm32f40_41xxx.o(.text)
    EXTI0_IRQHandler                         0x08002b4b   Thumb Code     0  startup_stm32f40_41xxx.o(.text)
    EXTI15_10_IRQHandler                     0x08002b4b   Thumb Code     0  startup_stm32f40_41xxx.o(.text)
    EXTI1_IRQHandler                         0x08002b4b   Thumb Code     0  startup_stm32f40_41xxx.o(.text)
    EXTI2_IRQHandler                         0x08002b4b   Thumb Code     0  startup_stm32f40_41xxx.o(.text)
    EXTI3_IRQHandler                         0x08002b4b   Thumb Code     0  startup_stm32f40_41xxx.o(.text)
    EXTI9_5_IRQHandler                       0x08002b4b   Thumb Code     0  startup_stm32f40_41xxx.o(.text)
    FLASH_IRQHandler                         0x08002b4b   Thumb Code     0  startup_stm32f40_41xxx.o(.text)
    FPU_IRQHandler                           0x08002b4b   Thumb Code     0  startup_stm32f40_41xxx.o(.text)
    FSMC_IRQHandler                          0x08002b4b   Thumb Code     0  startup_stm32f40_41xxx.o(.text)
    HASH_RNG_IRQHandler                      0x08002b4b   Thumb Code     0  startup_stm32f40_41xxx.o(.text)
    I2C1_ER_IRQHandler                       0x08002b4b   Thumb Code     0  startup_stm32f40_41xxx.o(.text)
    I2C1_EV_IRQHandler                       0x08002b4b   Thumb Code     0  startup_stm32f40_41xxx.o(.text)
    I2C2_ER_IRQHandler                       0x08002b4b   Thumb Code     0  startup_stm32f40_41xxx.o(.text)
    I2C2_EV_IRQHandler                       0x08002b4b   Thumb Code     0  startup_stm32f40_41xxx.o(.text)
    I2C3_ER_IRQHandler                       0x08002b4b   Thumb Code     0  startup_stm32f40_41xxx.o(.text)
    I2C3_EV_IRQHandler                       0x08002b4b   Thumb Code     0  startup_stm32f40_41xxx.o(.text)
    OTG_FS_IRQHandler                        0x08002b4b   Thumb Code     0  startup_stm32f40_41xxx.o(.text)
    OTG_FS_WKUP_IRQHandler                   0x08002b4b   Thumb Code     0  startup_stm32f40_41xxx.o(.text)
    OTG_HS_EP1_IN_IRQHandler                 0x08002b4b   Thumb Code     0  startup_stm32f40_41xxx.o(.text)
    OTG_HS_EP1_OUT_IRQHandler                0x08002b4b   Thumb Code     0  startup_stm32f40_41xxx.o(.text)
    OTG_HS_IRQHandler                        0x08002b4b   Thumb Code     0  startup_stm32f40_41xxx.o(.text)
    OTG_HS_WKUP_IRQHandler                   0x08002b4b   Thumb Code     0  startup_stm32f40_41xxx.o(.text)
    PVD_IRQHandler                           0x08002b4b   Thumb Code     0  startup_stm32f40_41xxx.o(.text)
    RCC_IRQHandler                           0x08002b4b   Thumb Code     0  startup_stm32f40_41xxx.o(.text)
    RTC_Alarm_IRQHandler                     0x08002b4b   Thumb Code     0  startup_stm32f40_41xxx.o(.text)
    RTC_WKUP_IRQHandler                      0x08002b4b   Thumb Code     0  startup_stm32f40_41xxx.o(.text)
    SDIO_IRQHandler                          0x08002b4b   Thumb Code     0  startup_stm32f40_41xxx.o(.text)
    SPI1_IRQHandler                          0x08002b4b   Thumb Code     0  startup_stm32f40_41xxx.o(.text)
    SPI2_IRQHandler                          0x08002b4b   Thumb Code     0  startup_stm32f40_41xxx.o(.text)
    SPI3_IRQHandler                          0x08002b4b   Thumb Code     0  startup_stm32f40_41xxx.o(.text)
    TAMP_STAMP_IRQHandler                    0x08002b4b   Thumb Code     0  startup_stm32f40_41xxx.o(.text)
    TIM1_BRK_TIM9_IRQHandler                 0x08002b4b   Thumb Code     0  startup_stm32f40_41xxx.o(.text)
    TIM1_CC_IRQHandler                       0x08002b4b   Thumb Code     0  startup_stm32f40_41xxx.o(.text)
    TIM1_TRG_COM_TIM11_IRQHandler            0x08002b4b   Thumb Code     0  startup_stm32f40_41xxx.o(.text)
    TIM1_UP_TIM10_IRQHandler                 0x08002b4b   Thumb Code     0  startup_stm32f40_41xxx.o(.text)
    TIM2_IRQHandler                          0x08002b4b   Thumb Code     0  startup_stm32f40_41xxx.o(.text)
    TIM4_IRQHandler                          0x08002b4b   Thumb Code     0  startup_stm32f40_41xxx.o(.text)
    TIM5_IRQHandler                          0x08002b4b   Thumb Code     0  startup_stm32f40_41xxx.o(.text)
    TIM6_DAC_IRQHandler                      0x08002b4b   Thumb Code     0  startup_stm32f40_41xxx.o(.text)
    TIM7_IRQHandler                          0x08002b4b   Thumb Code     0  startup_stm32f40_41xxx.o(.text)
    TIM8_BRK_TIM12_IRQHandler                0x08002b4b   Thumb Code     0  startup_stm32f40_41xxx.o(.text)
    TIM8_CC_IRQHandler                       0x08002b4b   Thumb Code     0  startup_stm32f40_41xxx.o(.text)
    TIM8_TRG_COM_TIM14_IRQHandler            0x08002b4b   Thumb Code     0  startup_stm32f40_41xxx.o(.text)
    TIM8_UP_TIM13_IRQHandler                 0x08002b4b   Thumb Code     0  startup_stm32f40_41xxx.o(.text)
    UART5_IRQHandler                         0x08002b4b   Thumb Code     0  startup_stm32f40_41xxx.o(.text)
    USART6_IRQHandler                        0x08002b4b   Thumb Code     0  startup_stm32f40_41xxx.o(.text)
    WWDG_IRQHandler                          0x08002b4b   Thumb Code     0  startup_stm32f40_41xxx.o(.text)
    NVIC_PriorityGroupConfig                 0x08002b55   Thumb Code    10  misc.o(.text)
    NVIC_Init                                0x08002b5f   Thumb Code   106  misc.o(.text)
    NVIC_SetVectorTable                      0x08002bc9   Thumb Code    14  misc.o(.text)
    NVIC_SystemLPConfig                      0x08002bd7   Thumb Code    34  misc.o(.text)
    SysTick_CLKSourceConfig                  0x08002bf9   Thumb Code    40  misc.o(.text)
    ADC_DeInit                               0x08002c35   Thumb Code    22  stm32f4xx_adc.o(.text)
    ADC_Init                                 0x08002c4b   Thumb Code    74  stm32f4xx_adc.o(.text)
    ADC_StructInit                           0x08002c95   Thumb Code    20  stm32f4xx_adc.o(.text)
    ADC_CommonInit                           0x08002ca9   Thumb Code    34  stm32f4xx_adc.o(.text)
    ADC_CommonStructInit                     0x08002ccb   Thumb Code    12  stm32f4xx_adc.o(.text)
    ADC_Cmd                                  0x08002cd7   Thumb Code    22  stm32f4xx_adc.o(.text)
    ADC_AnalogWatchdogCmd                    0x08002ced   Thumb Code    16  stm32f4xx_adc.o(.text)
    ADC_AnalogWatchdogThresholdsConfig       0x08002cfd   Thumb Code     6  stm32f4xx_adc.o(.text)
    ADC_AnalogWatchdogSingleChannelConfig    0x08002d03   Thumb Code    16  stm32f4xx_adc.o(.text)
    ADC_TempSensorVrefintCmd                 0x08002d13   Thumb Code    34  stm32f4xx_adc.o(.text)
    ADC_VBATCmd                              0x08002d35   Thumb Code    34  stm32f4xx_adc.o(.text)
    ADC_RegularChannelConfig                 0x08002d57   Thumb Code   184  stm32f4xx_adc.o(.text)
    ADC_SoftwareStartConv                    0x08002e0f   Thumb Code    10  stm32f4xx_adc.o(.text)
    ADC_GetSoftwareStartConvStatus           0x08002e19   Thumb Code    20  stm32f4xx_adc.o(.text)
    ADC_EOCOnEachRegularChannelCmd           0x08002e2d   Thumb Code    22  stm32f4xx_adc.o(.text)
    ADC_ContinuousModeCmd                    0x08002e43   Thumb Code    22  stm32f4xx_adc.o(.text)
    ADC_DiscModeChannelCountConfig           0x08002e59   Thumb Code    24  stm32f4xx_adc.o(.text)
    ADC_DiscModeCmd                          0x08002e71   Thumb Code    22  stm32f4xx_adc.o(.text)
    ADC_GetConversionValue                   0x08002e87   Thumb Code     8  stm32f4xx_adc.o(.text)
    ADC_GetMultiModeConversionValue          0x08002e8f   Thumb Code     8  stm32f4xx_adc.o(.text)
    ADC_DMACmd                               0x08002e97   Thumb Code    22  stm32f4xx_adc.o(.text)
    ADC_DMARequestAfterLastTransferCmd       0x08002ead   Thumb Code    22  stm32f4xx_adc.o(.text)
    ADC_MultiModeDMARequestAfterLastTransferCmd 0x08002ec3   Thumb Code    34  stm32f4xx_adc.o(.text)
    ADC_InjectedChannelConfig                0x08002ee5   Thumb Code   130  stm32f4xx_adc.o(.text)
    ADC_InjectedSequencerLengthConfig        0x08002f67   Thumb Code    24  stm32f4xx_adc.o(.text)
    ADC_SetInjectedOffset                    0x08002f7f   Thumb Code    20  stm32f4xx_adc.o(.text)
    ADC_ExternalTrigInjectedConvConfig       0x08002f93   Thumb Code    16  stm32f4xx_adc.o(.text)
    ADC_ExternalTrigInjectedConvEdgeConfig   0x08002fa3   Thumb Code    16  stm32f4xx_adc.o(.text)
    ADC_SoftwareStartInjectedConv            0x08002fb3   Thumb Code    10  stm32f4xx_adc.o(.text)
    ADC_GetSoftwareStartInjectedConvCmdStatus 0x08002fbd   Thumb Code    20  stm32f4xx_adc.o(.text)
    ADC_AutoInjectedConvCmd                  0x08002fd1   Thumb Code    22  stm32f4xx_adc.o(.text)
    ADC_InjectedDiscModeCmd                  0x08002fe7   Thumb Code    22  stm32f4xx_adc.o(.text)
    ADC_GetInjectedConversionValue           0x08002ffd   Thumb Code    28  stm32f4xx_adc.o(.text)
    ADC_ITConfig                             0x08003019   Thumb Code    56  stm32f4xx_adc.o(.text)
    ADC_GetFlagStatus                        0x08003051   Thumb Code    18  stm32f4xx_adc.o(.text)
    ADC_ClearFlag                            0x08003063   Thumb Code     6  stm32f4xx_adc.o(.text)
    ADC_GetITStatus                          0x08003069   Thumb Code    38  stm32f4xx_adc.o(.text)
    ADC_ClearITPendingBit                    0x0800308f   Thumb Code    10  stm32f4xx_adc.o(.text)
    EXTI_DeInit                              0x08003099   Thumb Code    28  stm32f4xx_exti.o(.text)
    EXTI_Init                                0x080030b5   Thumb Code   142  stm32f4xx_exti.o(.text)
    EXTI_StructInit                          0x08003143   Thumb Code    16  stm32f4xx_exti.o(.text)
    EXTI_GenerateSWInterrupt                 0x08003153   Thumb Code    16  stm32f4xx_exti.o(.text)
    EXTI_GetFlagStatus                       0x08003163   Thumb Code    22  stm32f4xx_exti.o(.text)
    EXTI_ClearFlag                           0x08003179   Thumb Code     8  stm32f4xx_exti.o(.text)
    EXTI_GetITStatus                         0x08003181   Thumb Code    22  stm32f4xx_exti.o(.text)
    EXTI_ClearITPendingBit                   0x08003197   Thumb Code     8  stm32f4xx_exti.o(.text)
    GPIO_DeInit                              0x080031a9   Thumb Code   268  stm32f4xx_gpio.o(.text)
    GPIO_Init                                0x080032b5   Thumb Code   144  stm32f4xx_gpio.o(.text)
    GPIO_StructInit                          0x08003345   Thumb Code    18  stm32f4xx_gpio.o(.text)
    GPIO_PinLockConfig                       0x08003357   Thumb Code    34  stm32f4xx_gpio.o(.text)
    GPIO_ReadInputDataBit                    0x08003379   Thumb Code    18  stm32f4xx_gpio.o(.text)
    GPIO_ReadInputData                       0x0800338b   Thumb Code     8  stm32f4xx_gpio.o(.text)
    GPIO_ReadOutputDataBit                   0x08003393   Thumb Code    18  stm32f4xx_gpio.o(.text)
    GPIO_ReadOutputData                      0x080033a5   Thumb Code     8  stm32f4xx_gpio.o(.text)
    GPIO_SetBits                             0x080033ad   Thumb Code     4  stm32f4xx_gpio.o(.text)
    GPIO_ResetBits                           0x080033b1   Thumb Code     4  stm32f4xx_gpio.o(.text)
    GPIO_WriteBit                            0x080033b5   Thumb Code    10  stm32f4xx_gpio.o(.text)
    GPIO_Write                               0x080033bf   Thumb Code     4  stm32f4xx_gpio.o(.text)
    GPIO_ToggleBits                          0x080033c3   Thumb Code     8  stm32f4xx_gpio.o(.text)
    GPIO_PinAFConfig                         0x080033cb   Thumb Code    70  stm32f4xx_gpio.o(.text)
    I2C_DeInit                               0x0800343d   Thumb Code    82  stm32f4xx_i2c.o(.text)
    I2C_Init                                 0x0800348f   Thumb Code   218  stm32f4xx_i2c.o(.text)
    I2C_StructInit                           0x08003569   Thumb Code    30  stm32f4xx_i2c.o(.text)
    I2C_Cmd                                  0x08003587   Thumb Code    24  stm32f4xx_i2c.o(.text)
    I2C_AnalogFilterCmd                      0x0800359f   Thumb Code    24  stm32f4xx_i2c.o(.text)
    I2C_DigitalFilterConfig                  0x080035b7   Thumb Code    22  stm32f4xx_i2c.o(.text)
    I2C_GenerateSTART                        0x080035cd   Thumb Code    24  stm32f4xx_i2c.o(.text)
    I2C_GenerateSTOP                         0x080035e5   Thumb Code    24  stm32f4xx_i2c.o(.text)
    I2C_Send7bitAddress                      0x080035fd   Thumb Code    16  stm32f4xx_i2c.o(.text)
    I2C_AcknowledgeConfig                    0x0800360d   Thumb Code    24  stm32f4xx_i2c.o(.text)
    I2C_OwnAddress2Config                    0x08003625   Thumb Code    22  stm32f4xx_i2c.o(.text)
    I2C_DualAddressCmd                       0x0800363b   Thumb Code    24  stm32f4xx_i2c.o(.text)
    I2C_GeneralCallCmd                       0x08003653   Thumb Code    24  stm32f4xx_i2c.o(.text)
    I2C_SoftwareResetCmd                     0x0800366b   Thumb Code    22  stm32f4xx_i2c.o(.text)
    I2C_StretchClockCmd                      0x08003681   Thumb Code    24  stm32f4xx_i2c.o(.text)
    I2C_FastModeDutyCycleConfig              0x08003699   Thumb Code    28  stm32f4xx_i2c.o(.text)
    I2C_NACKPositionConfig                   0x080036b5   Thumb Code    28  stm32f4xx_i2c.o(.text)
    I2C_SMBusAlertConfig                     0x080036d1   Thumb Code    28  stm32f4xx_i2c.o(.text)
    I2C_ARPCmd                               0x080036ed   Thumb Code    24  stm32f4xx_i2c.o(.text)
    I2C_SendData                             0x08003705   Thumb Code     4  stm32f4xx_i2c.o(.text)
    I2C_ReceiveData                          0x08003709   Thumb Code     8  stm32f4xx_i2c.o(.text)
    I2C_TransmitPEC                          0x08003711   Thumb Code    24  stm32f4xx_i2c.o(.text)
    I2C_PECPositionConfig                    0x08003729   Thumb Code    28  stm32f4xx_i2c.o(.text)
    I2C_CalculatePEC                         0x08003745   Thumb Code    24  stm32f4xx_i2c.o(.text)
    I2C_GetPEC                               0x0800375d   Thumb Code     8  stm32f4xx_i2c.o(.text)
    I2C_DMACmd                               0x08003765   Thumb Code    24  stm32f4xx_i2c.o(.text)
    I2C_DMALastTransferCmd                   0x0800377d   Thumb Code    24  stm32f4xx_i2c.o(.text)
    I2C_ReadRegister                         0x08003795   Thumb Code    22  stm32f4xx_i2c.o(.text)
    I2C_ITConfig                             0x080037ab   Thumb Code    18  stm32f4xx_i2c.o(.text)
    I2C_CheckEvent                           0x080037bd   Thumb Code    42  stm32f4xx_i2c.o(.text)
    I2C_GetLastEvent                         0x080037e7   Thumb Code    26  stm32f4xx_i2c.o(.text)
    I2C_GetFlagStatus                        0x08003801   Thumb Code    84  stm32f4xx_i2c.o(.text)
    I2C_ClearFlag                            0x08003855   Thumb Code    12  stm32f4xx_i2c.o(.text)
    I2C_GetITStatus                          0x08003861   Thumb Code    38  stm32f4xx_i2c.o(.text)
    I2C_ClearITPendingBit                    0x08003887   Thumb Code    12  stm32f4xx_i2c.o(.text)
    RCC_DeInit                               0x08003895   Thumb Code    82  stm32f4xx_rcc.o(.text)
    RCC_HSEConfig                            0x080038e7   Thumb Code    14  stm32f4xx_rcc.o(.text)
    RCC_GetFlagStatus                        0x080038f5   Thumb Code    60  stm32f4xx_rcc.o(.text)
    RCC_WaitForHSEStartUp                    0x08003931   Thumb Code    56  stm32f4xx_rcc.o(.text)
    RCC_AdjustHSICalibrationValue            0x08003969   Thumb Code    20  stm32f4xx_rcc.o(.text)
    RCC_HSICmd                               0x0800397d   Thumb Code     6  stm32f4xx_rcc.o(.text)
    RCC_LSEConfig                            0x08003983   Thumb Code    46  stm32f4xx_rcc.o(.text)
    RCC_LSICmd                               0x080039b1   Thumb Code     6  stm32f4xx_rcc.o(.text)
    RCC_PLLConfig                            0x080039b7   Thumb Code    32  stm32f4xx_rcc.o(.text)
    RCC_PLLCmd                               0x080039d7   Thumb Code     6  stm32f4xx_rcc.o(.text)
    RCC_PLLI2SConfig                         0x080039dd   Thumb Code    20  stm32f4xx_rcc.o(.text)
    RCC_PLLI2SCmd                            0x080039f1   Thumb Code     6  stm32f4xx_rcc.o(.text)
    RCC_PLLSAIConfig                         0x080039f7   Thumb Code    20  stm32f4xx_rcc.o(.text)
    RCC_PLLSAICmd                            0x08003a0b   Thumb Code     6  stm32f4xx_rcc.o(.text)
    RCC_ClockSecuritySystemCmd               0x08003a11   Thumb Code     6  stm32f4xx_rcc.o(.text)
    RCC_MCO1Config                           0x08003a17   Thumb Code    28  stm32f4xx_rcc.o(.text)
    RCC_MCO2Config                           0x08003a33   Thumb Code    28  stm32f4xx_rcc.o(.text)
    RCC_SYSCLKConfig                         0x08003a4f   Thumb Code    20  stm32f4xx_rcc.o(.text)
    RCC_GetSYSCLKSource                      0x08003a63   Thumb Code    12  stm32f4xx_rcc.o(.text)
    RCC_HCLKConfig                           0x08003a6f   Thumb Code    20  stm32f4xx_rcc.o(.text)
    RCC_PCLK1Config                          0x08003a83   Thumb Code    20  stm32f4xx_rcc.o(.text)
    RCC_PCLK2Config                          0x08003a97   Thumb Code    22  stm32f4xx_rcc.o(.text)
    RCC_GetClocksFreq                        0x08003aad   Thumb Code   222  stm32f4xx_rcc.o(.text)
    RCC_RTCCLKConfig                         0x08003b8b   Thumb Code    54  stm32f4xx_rcc.o(.text)
    RCC_RTCCLKCmd                            0x08003bc1   Thumb Code     8  stm32f4xx_rcc.o(.text)
    RCC_BackupResetCmd                       0x08003bc9   Thumb Code     8  stm32f4xx_rcc.o(.text)
    RCC_I2SCLKConfig                         0x08003bd1   Thumb Code     6  stm32f4xx_rcc.o(.text)
    RCC_SAIPLLI2SClkDivConfig                0x08003bd7   Thumb Code    26  stm32f4xx_rcc.o(.text)
    RCC_SAIPLLSAIClkDivConfig                0x08003bf1   Thumb Code    28  stm32f4xx_rcc.o(.text)
    RCC_SAIBlockACLKConfig                   0x08003c0d   Thumb Code    20  stm32f4xx_rcc.o(.text)
    RCC_SAIBlockBCLKConfig                   0x08003c21   Thumb Code    20  stm32f4xx_rcc.o(.text)
    RCC_LTDCCLKDivConfig                     0x08003c35   Thumb Code    20  stm32f4xx_rcc.o(.text)
    RCC_TIMCLKPresConfig                     0x08003c49   Thumb Code     6  stm32f4xx_rcc.o(.text)
    RCC_AHB1PeriphClockCmd                   0x08003c4f   Thumb Code    82  stm32f4xx_rcc.o(.text)
    RCC_AHB2PeriphClockCmd                   0x08003ca1   Thumb Code    26  stm32f4xx_rcc.o(.text)
    RCC_AHB3PeriphClockCmd                   0x08003cbb   Thumb Code    34  stm32f4xx_rcc.o(.text)
    RCC_APB1PeriphClockCmd                   0x08003cdd   Thumb Code    34  stm32f4xx_rcc.o(.text)
    RCC_APB2PeriphClockCmd                   0x08003cff   Thumb Code    34  stm32f4xx_rcc.o(.text)
    RCC_AHB1PeriphResetCmd                   0x08003d21   Thumb Code    34  stm32f4xx_rcc.o(.text)
    RCC_AHB2PeriphResetCmd                   0x08003d43   Thumb Code    34  stm32f4xx_rcc.o(.text)
    RCC_AHB3PeriphResetCmd                   0x08003d65   Thumb Code    34  stm32f4xx_rcc.o(.text)
    RCC_APB1PeriphResetCmd                   0x08003d87   Thumb Code    34  stm32f4xx_rcc.o(.text)
    RCC_APB2PeriphResetCmd                   0x08003da9   Thumb Code    34  stm32f4xx_rcc.o(.text)
    RCC_AHB1PeriphClockLPModeCmd             0x08003dcb   Thumb Code    34  stm32f4xx_rcc.o(.text)
    RCC_AHB2PeriphClockLPModeCmd             0x08003ded   Thumb Code    34  stm32f4xx_rcc.o(.text)
    RCC_AHB3PeriphClockLPModeCmd             0x08003e0f   Thumb Code    34  stm32f4xx_rcc.o(.text)
    RCC_APB1PeriphClockLPModeCmd             0x08003e31   Thumb Code    34  stm32f4xx_rcc.o(.text)
    RCC_APB2PeriphClockLPModeCmd             0x08003e53   Thumb Code    34  stm32f4xx_rcc.o(.text)
    RCC_LSEModeConfig                        0x08003e75   Thumb Code    40  stm32f4xx_rcc.o(.text)
    RCC_ITConfig                             0x08003e9d   Thumb Code    34  stm32f4xx_rcc.o(.text)
    RCC_ClearFlag                            0x08003ebf   Thumb Code    18  stm32f4xx_rcc.o(.text)
    RCC_GetITStatus                          0x08003ed1   Thumb Code    22  stm32f4xx_rcc.o(.text)
    RCC_ClearITPendingBit                    0x08003ee7   Thumb Code     8  stm32f4xx_rcc.o(.text)
    SPI_I2S_DeInit                           0x08003ef5   Thumb Code   152  stm32f4xx_spi.o(.text)
    SPI_Init                                 0x08003f8d   Thumb Code    60  stm32f4xx_spi.o(.text)
    I2S_Init                                 0x08003fc9   Thumb Code   396  stm32f4xx_spi.o(.text)
    SPI_StructInit                           0x08004155   Thumb Code    24  stm32f4xx_spi.o(.text)
    I2S_StructInit                           0x0800416d   Thumb Code    20  stm32f4xx_spi.o(.text)
    SPI_Cmd                                  0x08004181   Thumb Code    24  stm32f4xx_spi.o(.text)
    I2S_Cmd                                  0x08004199   Thumb Code    24  stm32f4xx_spi.o(.text)
    SPI_DataSizeConfig                       0x080041b1   Thumb Code    18  stm32f4xx_spi.o(.text)
    SPI_BiDirectionalLineConfig              0x080041c3   Thumb Code    28  stm32f4xx_spi.o(.text)
    SPI_NSSInternalSoftwareConfig            0x080041df   Thumb Code    30  stm32f4xx_spi.o(.text)
    SPI_SSOutputCmd                          0x080041fd   Thumb Code    24  stm32f4xx_spi.o(.text)
    SPI_TIModeCmd                            0x08004215   Thumb Code    24  stm32f4xx_spi.o(.text)
    I2S_FullDuplexConfig                     0x0800422d   Thumb Code    80  stm32f4xx_spi.o(.text)
    SPI_I2S_ReceiveData                      0x0800427d   Thumb Code     6  stm32f4xx_spi.o(.text)
    SPI_I2S_SendData                         0x08004283   Thumb Code     4  stm32f4xx_spi.o(.text)
    SPI_CalculateCRC                         0x08004287   Thumb Code    24  stm32f4xx_spi.o(.text)
    SPI_TransmitCRC                          0x0800429f   Thumb Code    10  stm32f4xx_spi.o(.text)
    SPI_GetCRC                               0x080042a9   Thumb Code    16  stm32f4xx_spi.o(.text)
    SPI_GetCRCPolynomial                     0x080042b9   Thumb Code     6  stm32f4xx_spi.o(.text)
    SPI_I2S_DMACmd                           0x080042bf   Thumb Code    18  stm32f4xx_spi.o(.text)
    SPI_I2S_ITConfig                         0x080042d1   Thumb Code    68  stm32f4xx_spi.o(.text)
    SPI_I2S_GetFlagStatus                    0x08004315   Thumb Code    18  stm32f4xx_spi.o(.text)
    SPI_I2S_ClearFlag                        0x08004327   Thumb Code     6  stm32f4xx_spi.o(.text)
    SPI_I2S_GetITStatus                      0x0800432d   Thumb Code    52  stm32f4xx_spi.o(.text)
    SPI_I2S_ClearITPendingBit                0x08004361   Thumb Code    20  stm32f4xx_spi.o(.text)
    SYSCFG_DeInit                            0x08004375   Thumb Code    22  stm32f4xx_syscfg.o(.text)
    SYSCFG_MemoryRemapConfig                 0x0800438b   Thumb Code     6  stm32f4xx_syscfg.o(.text)
    SYSCFG_MemorySwappingBank                0x08004391   Thumb Code     6  stm32f4xx_syscfg.o(.text)
    SYSCFG_EXTILineConfig                    0x08004397   Thumb Code    66  stm32f4xx_syscfg.o(.text)
    SYSCFG_ETH_MediaInterfaceConfig          0x080043d9   Thumb Code     8  stm32f4xx_syscfg.o(.text)
    SYSCFG_CompensationCellCmd               0x080043e1   Thumb Code     6  stm32f4xx_syscfg.o(.text)
    SYSCFG_GetCompensationCellStatus         0x080043e7   Thumb Code    22  stm32f4xx_syscfg.o(.text)
    TIM_DeInit                               0x08004409   Thumb Code   346  stm32f4xx_tim.o(.text)
    TIM_TimeBaseInit                         0x08004563   Thumb Code   104  stm32f4xx_tim.o(.text)
    TIM_TimeBaseStructInit                   0x080045cb   Thumb Code    18  stm32f4xx_tim.o(.text)
    TIM_PrescalerConfig                      0x080045dd   Thumb Code     6  stm32f4xx_tim.o(.text)
    TIM_CounterModeConfig                    0x080045e3   Thumb Code    18  stm32f4xx_tim.o(.text)
    TIM_SetCounter                           0x080045f5   Thumb Code     4  stm32f4xx_tim.o(.text)
    TIM_SetAutoreload                        0x080045f9   Thumb Code     4  stm32f4xx_tim.o(.text)
    TIM_GetCounter                           0x080045fd   Thumb Code     6  stm32f4xx_tim.o(.text)
    TIM_GetPrescaler                         0x08004603   Thumb Code     6  stm32f4xx_tim.o(.text)
    TIM_UpdateDisableConfig                  0x08004609   Thumb Code    24  stm32f4xx_tim.o(.text)
    TIM_UpdateRequestConfig                  0x08004621   Thumb Code    24  stm32f4xx_tim.o(.text)
    TIM_ARRPreloadConfig                     0x08004639   Thumb Code    24  stm32f4xx_tim.o(.text)
    TIM_SelectOnePulseMode                   0x08004651   Thumb Code    18  stm32f4xx_tim.o(.text)
    TIM_SetClockDivision                     0x08004663   Thumb Code    18  stm32f4xx_tim.o(.text)
    TIM_Cmd                                  0x08004675   Thumb Code    24  stm32f4xx_tim.o(.text)
    TIM_OC1Init                              0x0800468d   Thumb Code   114  stm32f4xx_tim.o(.text)
    TIM_OC2Init                              0x080046ff   Thumb Code   154  stm32f4xx_tim.o(.text)
    TIM_OC3Init                              0x08004799   Thumb Code   204  stm32f4xx_tim.o(.text)
    TIM_OC4Init                              0x08004865   Thumb Code   112  stm32f4xx_tim.o(.text)
    TIM_OCStructInit                         0x080048d5   Thumb Code    20  stm32f4xx_tim.o(.text)
    TIM_SelectOCxM                           0x080048e9   Thumb Code    86  stm32f4xx_tim.o(.text)
    TIM_SetCompare1                          0x0800493f   Thumb Code     4  stm32f4xx_tim.o(.text)
    TIM_SetCompare2                          0x08004943   Thumb Code     4  stm32f4xx_tim.o(.text)
    TIM_SetCompare3                          0x08004947   Thumb Code     4  stm32f4xx_tim.o(.text)
    TIM_SetCompare4                          0x0800494b   Thumb Code     4  stm32f4xx_tim.o(.text)
    TIM_ForcedOC1Config                      0x0800494f   Thumb Code    18  stm32f4xx_tim.o(.text)
    TIM_ForcedOC2Config                      0x08004961   Thumb Code    26  stm32f4xx_tim.o(.text)
    TIM_ForcedOC3Config                      0x0800497b   Thumb Code    18  stm32f4xx_tim.o(.text)
    TIM_ForcedOC4Config                      0x0800498d   Thumb Code    26  stm32f4xx_tim.o(.text)
    TIM_OC1PreloadConfig                     0x080049a7   Thumb Code    18  stm32f4xx_tim.o(.text)
    TIM_OC2PreloadConfig                     0x080049b9   Thumb Code    26  stm32f4xx_tim.o(.text)
    TIM_OC3PreloadConfig                     0x080049d3   Thumb Code    18  stm32f4xx_tim.o(.text)
    TIM_OC4PreloadConfig                     0x080049e5   Thumb Code    26  stm32f4xx_tim.o(.text)
    TIM_OC1FastConfig                        0x080049ff   Thumb Code    18  stm32f4xx_tim.o(.text)
    TIM_OC2FastConfig                        0x08004a11   Thumb Code    26  stm32f4xx_tim.o(.text)
    TIM_OC3FastConfig                        0x08004a2b   Thumb Code    18  stm32f4xx_tim.o(.text)
    TIM_OC4FastConfig                        0x08004a3d   Thumb Code    26  stm32f4xx_tim.o(.text)
    TIM_ClearOC1Ref                          0x08004a57   Thumb Code    18  stm32f4xx_tim.o(.text)
    TIM_ClearOC2Ref                          0x08004a69   Thumb Code    24  stm32f4xx_tim.o(.text)
    TIM_ClearOC3Ref                          0x08004a81   Thumb Code    18  stm32f4xx_tim.o(.text)
    TIM_ClearOC4Ref                          0x08004a93   Thumb Code    24  stm32f4xx_tim.o(.text)
    TIM_OC1PolarityConfig                    0x08004aab   Thumb Code    18  stm32f4xx_tim.o(.text)
    TIM_OC1NPolarityConfig                   0x08004abd   Thumb Code    18  stm32f4xx_tim.o(.text)
    TIM_OC2PolarityConfig                    0x08004acf   Thumb Code    26  stm32f4xx_tim.o(.text)
    TIM_OC2NPolarityConfig                   0x08004ae9   Thumb Code    26  stm32f4xx_tim.o(.text)
    TIM_OC3PolarityConfig                    0x08004b03   Thumb Code    26  stm32f4xx_tim.o(.text)
    TIM_OC3NPolarityConfig                   0x08004b1d   Thumb Code    26  stm32f4xx_tim.o(.text)
    TIM_OC4PolarityConfig                    0x08004b37   Thumb Code    26  stm32f4xx_tim.o(.text)
    TIM_CCxCmd                               0x08004b51   Thumb Code    30  stm32f4xx_tim.o(.text)
    TIM_CCxNCmd                              0x08004b6f   Thumb Code    30  stm32f4xx_tim.o(.text)
    TIM_SetIC4Prescaler                      0x08004b8d   Thumb Code    26  stm32f4xx_tim.o(.text)
    TIM_SetIC3Prescaler                      0x08004bf7   Thumb Code    18  stm32f4xx_tim.o(.text)
    TIM_SetIC2Prescaler                      0x08004c51   Thumb Code    26  stm32f4xx_tim.o(.text)
    TIM_SetIC1Prescaler                      0x08004cc5   Thumb Code    18  stm32f4xx_tim.o(.text)
    TIM_ICInit                               0x08004d11   Thumb Code   110  stm32f4xx_tim.o(.text)
    TIM_ICStructInit                         0x08004d7f   Thumb Code    18  stm32f4xx_tim.o(.text)
    TIM_PWMIConfig                           0x08004d91   Thumb Code   124  stm32f4xx_tim.o(.text)
    TIM_GetCapture1                          0x08004e0d   Thumb Code     6  stm32f4xx_tim.o(.text)
    TIM_GetCapture2                          0x08004e13   Thumb Code     6  stm32f4xx_tim.o(.text)
    TIM_GetCapture3                          0x08004e19   Thumb Code     6  stm32f4xx_tim.o(.text)
    TIM_GetCapture4                          0x08004e1f   Thumb Code     6  stm32f4xx_tim.o(.text)
    TIM_BDTRConfig                           0x08004e25   Thumb Code    32  stm32f4xx_tim.o(.text)
    TIM_BDTRStructInit                       0x08004e45   Thumb Code    18  stm32f4xx_tim.o(.text)
    TIM_CtrlPWMOutputs                       0x08004e57   Thumb Code    30  stm32f4xx_tim.o(.text)
    TIM_SelectCOM                            0x08004e75   Thumb Code    24  stm32f4xx_tim.o(.text)
    TIM_CCPreloadControl                     0x08004e8d   Thumb Code    24  stm32f4xx_tim.o(.text)
    TIM_ITConfig                             0x08004ea5   Thumb Code    18  stm32f4xx_tim.o(.text)
    TIM_GenerateEvent                        0x08004eb7   Thumb Code     4  stm32f4xx_tim.o(.text)
    TIM_GetFlagStatus                        0x08004ebb   Thumb Code    18  stm32f4xx_tim.o(.text)
    TIM_ClearFlag                            0x08004ecd   Thumb Code     6  stm32f4xx_tim.o(.text)
    TIM_GetITStatus                          0x08004ed3   Thumb Code    34  stm32f4xx_tim.o(.text)
    TIM_ClearITPendingBit                    0x08004ef5   Thumb Code     6  stm32f4xx_tim.o(.text)
    TIM_DMAConfig                            0x08004efb   Thumb Code    10  stm32f4xx_tim.o(.text)
    TIM_DMACmd                               0x08004f05   Thumb Code    18  stm32f4xx_tim.o(.text)
    TIM_SelectCCDMA                          0x08004f17   Thumb Code    24  stm32f4xx_tim.o(.text)
    TIM_InternalClockConfig                  0x08004f2f   Thumb Code    12  stm32f4xx_tim.o(.text)
    TIM_SelectInputTrigger                   0x08004f3b   Thumb Code    18  stm32f4xx_tim.o(.text)
    TIM_ITRxExternalClockConfig              0x08004f4d   Thumb Code    24  stm32f4xx_tim.o(.text)
    TIM_TIxExternalClockConfig               0x08004f65   Thumb Code    62  stm32f4xx_tim.o(.text)
    TIM_ETRConfig                            0x08004fa3   Thumb Code    28  stm32f4xx_tim.o(.text)
    TIM_ETRClockMode1Config                  0x08004fbf   Thumb Code    54  stm32f4xx_tim.o(.text)
    TIM_ETRClockMode2Config                  0x08004ff5   Thumb Code    32  stm32f4xx_tim.o(.text)
    TIM_SelectOutputTrigger                  0x08005015   Thumb Code    18  stm32f4xx_tim.o(.text)
    TIM_SelectSlaveMode                      0x08005027   Thumb Code    18  stm32f4xx_tim.o(.text)
    TIM_SelectMasterSlaveMode                0x08005039   Thumb Code    18  stm32f4xx_tim.o(.text)
    TIM_EncoderInterfaceConfig               0x0800504b   Thumb Code    66  stm32f4xx_tim.o(.text)
    TIM_SelectHallSensor                     0x0800508d   Thumb Code    24  stm32f4xx_tim.o(.text)
    TIM_RemapConfig                          0x080050a5   Thumb Code     6  stm32f4xx_tim.o(.text)
    USART_DeInit                             0x080050ad   Thumb Code   206  stm32f4xx_usart.o(.text)
    USART_Init                               0x0800517b   Thumb Code   204  stm32f4xx_usart.o(.text)
    USART_StructInit                         0x08005247   Thumb Code    24  stm32f4xx_usart.o(.text)
    USART_ClockInit                          0x0800525f   Thumb Code    32  stm32f4xx_usart.o(.text)
    USART_ClockStructInit                    0x0800527f   Thumb Code    12  stm32f4xx_usart.o(.text)
    USART_Cmd                                0x0800528b   Thumb Code    24  stm32f4xx_usart.o(.text)
    USART_SetPrescaler                       0x080052a3   Thumb Code    16  stm32f4xx_usart.o(.text)
    USART_OverSampling8Cmd                   0x080052b3   Thumb Code    22  stm32f4xx_usart.o(.text)
    USART_OneBitMethodCmd                    0x080052c9   Thumb Code    24  stm32f4xx_usart.o(.text)
    USART_SendData                           0x080052e1   Thumb Code     8  stm32f4xx_usart.o(.text)
    USART_ReceiveData                        0x080052e9   Thumb Code    10  stm32f4xx_usart.o(.text)
    USART_SetAddress                         0x080052f3   Thumb Code    18  stm32f4xx_usart.o(.text)
    USART_ReceiverWakeUpCmd                  0x08005305   Thumb Code    24  stm32f4xx_usart.o(.text)
    USART_WakeUpConfig                       0x0800531d   Thumb Code    18  stm32f4xx_usart.o(.text)
    USART_LINBreakDetectLengthConfig         0x0800532f   Thumb Code    18  stm32f4xx_usart.o(.text)
    USART_LINCmd                             0x08005341   Thumb Code    24  stm32f4xx_usart.o(.text)
    USART_SendBreak                          0x08005359   Thumb Code    10  stm32f4xx_usart.o(.text)
    USART_HalfDuplexCmd                      0x08005363   Thumb Code    24  stm32f4xx_usart.o(.text)
    USART_SetGuardTime                       0x0800537b   Thumb Code    16  stm32f4xx_usart.o(.text)
    USART_SmartCardCmd                       0x0800538b   Thumb Code    24  stm32f4xx_usart.o(.text)
    USART_SmartCardNACKCmd                   0x080053a3   Thumb Code    24  stm32f4xx_usart.o(.text)
    USART_IrDAConfig                         0x080053bb   Thumb Code    18  stm32f4xx_usart.o(.text)
    USART_IrDACmd                            0x080053cd   Thumb Code    24  stm32f4xx_usart.o(.text)
    USART_DMACmd                             0x080053e5   Thumb Code    18  stm32f4xx_usart.o(.text)
    USART_ITConfig                           0x080053f7   Thumb Code    74  stm32f4xx_usart.o(.text)
    USART_GetFlagStatus                      0x08005441   Thumb Code    26  stm32f4xx_usart.o(.text)
    USART_ClearFlag                          0x0800545b   Thumb Code    18  stm32f4xx_usart.o(.text)
    USART_GetITStatus                        0x0800546d   Thumb Code   118  stm32f4xx_usart.o(.text)
    USART_ClearITPendingBit                  0x080054e3   Thumb Code    30  stm32f4xx_usart.o(.text)
    delay_init                               0x08005501   Thumb Code    52  delay.o(.text)
    delay_us                                 0x08005535   Thumb Code    72  delay.o(.text)
    delay_xms                                0x0800557d   Thumb Code    72  delay.o(.text)
    delay_ms                                 0x080055c5   Thumb Code    56  delay.o(.text)
    _sys_exit                                0x08005605   Thumb Code     6  usart.o(.text)
    fputc                                    0x0800560b   Thumb Code    22  usart.o(.text)
    uart_init                                0x08005621   Thumb Code   164  usart.o(.text)
    USART1_IRQHandler                        0x080056c5   Thumb Code   122  usart.o(.text)
    usart3_init                              0x0800573f   Thumb Code   164  usart.o(.text)
    USART_send_byte                          0x080057e3   Thumb Code    26  usart.o(.text)
    USART_Send_bytes                         0x080057fd   Thumb Code    28  usart.o(.text)
    USART_Send                               0x08005819   Thumb Code    46  usart.o(.text)
    send_out                                 0x08005847   Thumb Code   120  usart.o(.text)
    CHeck                                    0x080058bf   Thumb Code   296  usart.o(.text)
    send_Instruction                         0x080059e7   Thumb Code   264  usart.o(.text)
    USART3_IRQHandler                        0x08005af1   Thumb Code   252  usart3_it.o(.text)
    uart4_init                               0x08005c1d   Thumb Code   172  usart4.o(.text)
    UART4_IRQHandler                         0x08005cc9   Thumb Code    74  usart4.o(.text)
    USART4_send_byte                         0x08005d13   Thumb Code    26  usart4.o(.text)
    lanyatongxin                             0x08005d2d   Thumb Code   140  usart4.o(.text)
    APP_packet                               0x08005db9   Thumb Code   194  usart4.o(.text)
    usart2_init                              0x08005ea5   Thumb Code   162  usart2.o(.text)
    USART2_IRQHandler                        0x08005f47   Thumb Code   294  usart2.o(.text)
    arm_fir_init_f32                         0x08006089   Thumb Code    28  arm_fir_init_f32.o(.text)
    __aeabi_memset                           0x080060a5   Thumb Code    14  memseta.o(.text)
    __aeabi_memset4                          0x080060a5   Thumb Code     0  memseta.o(.text)
    __aeabi_memset8                          0x080060a5   Thumb Code     0  memseta.o(.text)
    __aeabi_memclr                           0x080060b3   Thumb Code     4  memseta.o(.text)
    __aeabi_memclr4                          0x080060b3   Thumb Code     0  memseta.o(.text)
    __aeabi_memclr8                          0x080060b3   Thumb Code     0  memseta.o(.text)
    _memset$wrapper                          0x080060b7   Thumb Code    18  memseta.o(.text)
    strlen                                   0x080060c9   Thumb Code    14  strlen.o(.text)
    atoi                                     0x080060d7   Thumb Code    26  atoi.o(.text)
    __aeabi_dadd                             0x080060f1   Thumb Code   322  dadd.o(.text)
    __aeabi_dsub                             0x08006233   Thumb Code     6  dadd.o(.text)
    __aeabi_drsub                            0x08006239   Thumb Code     6  dadd.o(.text)
    __aeabi_dmul                             0x0800623f   Thumb Code   228  dmul.o(.text)
    __aeabi_ddiv                             0x08006323   Thumb Code   222  ddiv.o(.text)
    __aeabi_i2d                              0x08006401   Thumb Code    34  dflti.o(.text)
    __aeabi_ui2d                             0x08006423   Thumb Code    26  dfltui.o(.text)
    __aeabi_d2iz                             0x0800643d   Thumb Code    62  dfixi.o(.text)
    __aeabi_d2uiz                            0x0800647b   Thumb Code    50  dfixui.o(.text)
    __aeabi_f2d                              0x080064ad   Thumb Code    38  f2d.o(.text)
    __aeabi_cdcmpeq                          0x080064d5   Thumb Code     0  cdcmple.o(.text)
    __aeabi_cdcmple                          0x080064d5   Thumb Code    48  cdcmple.o(.text)
    __aeabi_cdrcmple                         0x08006505   Thumb Code    48  cdrcmple.o(.text)
    __aeabi_d2f                              0x08006535   Thumb Code    56  d2f.o(.text)
    __aeabi_uldivmod                         0x0800656d   Thumb Code    98  uldiv.o(.text)
    __aeabi_llsl                             0x080065cf   Thumb Code    30  llshl.o(.text)
    _ll_shift_l                              0x080065cf   Thumb Code     0  llshl.o(.text)
    __aeabi_llsr                             0x080065ed   Thumb Code    32  llushr.o(.text)
    _ll_ushift_r                             0x080065ed   Thumb Code     0  llushr.o(.text)
    __aeabi_lasr                             0x0800660d   Thumb Code    36  llsshr.o(.text)
    _ll_sshift_r                             0x0800660d   Thumb Code     0  llsshr.o(.text)
    strtol                                   0x08006631   Thumb Code   112  strtol.o(.text)
    __I$use$fp                               0x080066a1   Thumb Code     0  iusefp.o(.text)
    _float_round                             0x080066a1   Thumb Code    18  fepilogue.o(.text)
    _float_epilogue                          0x080066b3   Thumb Code    92  fepilogue.o(.text)
    _double_round                            0x0800670f   Thumb Code    30  depilogue.o(.text)
    _double_epilogue                         0x0800672d   Thumb Code   156  depilogue.o(.text)
    __scatterload                            0x080067c9   Thumb Code    28  init.o(.text)
    __scatterload_rt2                        0x080067c9   Thumb Code     0  init.o(.text)
    __rt_ctype_table                         0x080067ed   Thumb Code     4  ctype_o.o(.text)
    _strtoul                                 0x080067f5   Thumb Code   158  _strtoul.o(.text)
    _chval                                   0x08006893   Thumb Code    28  _chval.o(.text)
    __decompress                             0x080068af   Thumb Code     0  __dclz77c.o(.text)
    __decompress2                            0x080068af   Thumb Code    94  __dclz77c.o(.text)
    __0printf$5                              0x0800690d   Thumb Code    22  printf5.o(i.__0printf$5)
    __1printf$5                              0x0800690d   Thumb Code     0  printf5.o(i.__0printf$5)
    __2printf                                0x0800690d   Thumb Code     0  printf5.o(i.__0printf$5)
    __aeabi_errno_addr                       0x0800692d   Thumb Code     4  errno.o(i.__aeabi_errno_addr)
    __rt_errno_addr                          0x0800692d   Thumb Code     0  errno.o(i.__aeabi_errno_addr)
    __hardfp_fabs                            0x08006935   Thumb Code    20  fabs.o(i.__hardfp_fabs)
    __scatterload_copy                       0x08006949   Thumb Code    14  handlers.o(i.__scatterload_copy)
    __scatterload_null                       0x08006957   Thumb Code     2  handlers.o(i.__scatterload_null)
    __scatterload_zeroinit                   0x08006959   Thumb Code    14  handlers.o(i.__scatterload_zeroinit)
    JY61_Signal_firCoeffs32LP                0x08006c28   Data        2004  arm_fir_f32.o(.constdata)
    __ctype_table                            0x080073fc   Data         129  ctype_o.o(.constdata)
    Region$$Table$$Base                      0x08007484   Number         0  anon$$obj.o(Region$$Table)
    Region$$Table$$Limit                     0x080074a4   Number         0  anon$$obj.o(Region$$Table)
    SystemCoreClock                          0x20000000   Data           4  system_stm32f4xx.o(.data)
    AHBPrescTable                            0x20000004   Data          16  system_stm32f4xx.o(.data)
    APP_wave_form                            0x20000014   Data           1  gen_scheduler.o(.data)
    APP_heart_rate                           0x20000015   Data           1  gen_scheduler.o(.data)
    APP_Steps                                0x20000016   Data           1  gen_scheduler.o(.data)
    APP_temperature                          0x20000018   Data           4  gen_scheduler.o(.data)
    APP_distance                             0x2000001c   Data           4  gen_scheduler.o(.data)
    pcUp                                     0x2000005c   Data           4  gen_structconfig.o(.data)
    ROLL                                     0x20000060   Data           2  gen_structconfig.o(.data)
    PITCH                                    0x20000062   Data           2  gen_structconfig.o(.data)
    YAW                                      0x20000064   Data           2  gen_structconfig.o(.data)
    rpy                                      0x20000066   Data           6  gen_structconfig.o(.data)
    Acc                                      0x2000006c   Data           6  gen_structconfig.o(.data)
    Gyr                                      0x20000072   Data           6  gen_structconfig.o(.data)
    Mag                                      0x20000078   Data           6  gen_structconfig.o(.data)
    Q                                        0x2000007e   Data           8  gen_structconfig.o(.data)
    stcTime                                  0x20000086   Data           8  gen_structconfig.o(.data)
    stcAcc                                   0x2000008e   Data           8  gen_structconfig.o(.data)
    stcGyro                                  0x20000096   Data           8  gen_structconfig.o(.data)
    stcAngle                                 0x2000009e   Data           8  gen_structconfig.o(.data)
    stcMag                                   0x200000a6   Data           8  gen_structconfig.o(.data)
    stcDStatus                               0x200000ae   Data           8  gen_structconfig.o(.data)
    stcPress                                 0x200000b8   Data           8  gen_structconfig.o(.data)
    stcLonLat                                0x200000c0   Data           8  gen_structconfig.o(.data)
    stcGPSV                                  0x200000c8   Data           8  gen_structconfig.o(.data)
    waveform_flag                            0x200000d0   Data           1  gen_structconfig.o(.data)
    snumber1                                 0x200000d1   Data         224  control_oled.o(.data)
    mode1                                    0x200001b1   Data         224  control_oled.o(.data)
    mode2                                    0x20000291   Data         272  control_oled.o(.data)
    mode3                                    0x200003a1   Data         288  control_oled.o(.data)
    mode11                                   0x200004c1   Data         176  control_oled.o(.data)
    mode22                                   0x20000571   Data         192  control_oled.o(.data)
    o_steps                                  0x20000631   Data          96  control_oled.o(.data)
    o_moDis                                  0x20000691   Data         112  control_oled.o(.data)
    g_TimingTick                             0x20000718   Data           4  drv_timer.o(.data)
    g_TimingTickOld                          0x2000071c   Data           4  drv_timer.o(.data)
    ulTimeOut_Time                           0x20000722   Data           2  drv_i2c.o(.data)
    I2C_Err                                  0x20000724   Data           1  drv_i2c.o(.data)
    hljdx                                    0x20000725   Data        1024  drv_oled.o(.data)
    name                                     0x20000b25   Data         792  drv_oled.o(.data)
    bnumber                                  0x20000e3d   Data        2376  drv_oled.o(.data)
    snumber                                  0x20001785   Data        1344  drv_oled.o(.data)
    isnumber                                 0x20001cc5   Data        1408  drv_oled.o(.data)
    love                                     0x20002245   Data         512  drv_oled.o(.data)
    jiantou                                  0x20002445   Data         512  drv_oled.o(.data)
    usb                                      0x20002645   Data        1024  drv_oled.o(.data)
    t                                        0x20002a45   Data         192  drv_oled.o(.data)
    idate                                    0x20002b05   Data        3072  drv_oled.o(.data)
    date                                     0x20003705   Data        3328  drv_oled.o(.data)
    clock                                    0x20004405   Data         672  drv_oled.o(.data)
    judge                                    0x200046a5   Data        1024  drv_oled.o(.data)
    ijudge                                   0x20004aa5   Data        1024  drv_oled.o(.data)
    naozhong                                 0x20004ea5   Data        1024  drv_oled.o(.data)
    hljdx2                                   0x200052a5   Data        1024  drv_oled.o(.data)
    xiaohui                                  0x200056a5   Data         512  drv_oled.o(.data)
    liu                                      0x200058a5   Data         256  drv_oled.o(.data)
    shiyanshi                                0x200059a5   Data         384  drv_oled.o(.data)
    Ads1292_Config1                          0x20005b26   Data           1  drv_ads1292.o(.data)
    Ads1292_Config2                          0x20005b27   Data           5  drv_ads1292.o(.data)
    Ads1292_Ch1set                           0x20005b2c   Data           3  drv_ads1292.o(.data)
    Ads1292_Ch2set                           0x20005b2f   Data           3  drv_ads1292.o(.data)
    Ads1292_Rld_Sens                         0x20005b32   Data           6  drv_ads1292.o(.data)
    Ads1292_Loff_Sens                        0x20005b38   Data           6  drv_ads1292.o(.data)
    Ads1292_Resp1                            0x20005b3e   Data           4  drv_ads1292.o(.data)
    Ads1292_Resp2                            0x20005b42   Data           3  drv_ads1292.o(.data)
    ads1292_recive_flag                      0x20005b45   Data           1  drv_ads1292.o(.data)
    ANO_v7_Data_i                            0x20005b48   Data           1  uppercomputer_ano_v7.o(.data)
    ANO_V7_SendOutPut_uart                   0x20005b4c   Data           4  uppercomputer_ano_v7.o(.data)
    i                                        0x20005b50   Data           4  uppercomputer_ano_v7.o(.data)
    __stdout                                 0x20005b68   Data           4  usart.o(.data)
    USART_RX_STA                             0x20005b6c   Data           2  usart.o(.data)
    stata_reg                                0x20005b6e   Data           1  usart.o(.data)
    data1_buf                                0x20005b6f   Data           7  usart.o(.data)
    data2_buf                                0x20005b76   Data           7  usart.o(.data)
    data3_buf                                0x20005b7d   Data           7  usart.o(.data)
    data4_buf                                0x20005b84   Data           7  usart.o(.data)
    UART4_flag1                              0x20005b8c   Data           1  usart4.o(.data)
    UART4_flag2                              0x20005b8d   Data           1  usart4.o(.data)
    UART4_Buffer                             0x20005b8e   Data           2  usart4.o(.data)
    USART4_RX_STA                            0x20005b90   Data           2  usart4.o(.data)
    uart2_byte_count                         0x20005b92   Data           1  usart2.o(.data)
    flag                                     0x20005b98   Data          40  gen_structconfig.o(.bss)
    attitude                                 0x20005bc0   Data          48  gen_structconfig.o(.bss)
    data_buf                                 0x20005bf0   Data           9  gen_structconfig.o(.bss)
    acc                                      0x20005c00   Data          16  gen_structconfig.o(.bss)
    motion                                   0x20005c10   Data          16  gen_structconfig.o(.bss)
    heart                                    0x20005c20   Data          12  gen_structconfig.o(.bss)
    waveform                                 0x20005c2c   Data         128  gen_structconfig.o(.bss)
    waveform_copy                            0x20005cac   Data         128  gen_structconfig.o(.bss)
    ECG_S                                    0x20005d2c   Data          12  arm_fir_f32.o(.bss)
    JY61_S                                   0x20005d38   Data          12  arm_fir_f32.o(.bss)
    zero                                     0x2000659c   Data          16  drv_key.o(.bss)
    OLED_GRAM                                0x200065ac   Data        1024  drv_oled.o(.bss)
    ADS1292_REG                              0x200069ac   Data          12  drv_ads1292.o(.bss)
    ads1292_Cache                            0x200069b8   Data           9  drv_ads1292.o(.bss)
    ANO_v7_Data                              0x200069c4   Data         400  uppercomputer_ano_v7.o(.bss)
    USART_RX_BUF                             0x20006bb8   Data         200  usart.o(.bss)
    data5_buf                                0x20006c80   Data           9  usart.o(.bss)
    receive_str2                             0x20006d83   Data         200  usart2.o(.bss)
    XBuffer                                  0x20006e4b   Data          30  usart2.o(.bss)
    HBuffer                                  0x20006e69   Data          30  usart2.o(.bss)
    __initial_sp                             0x20007288   Data           0  startup_stm32f40_41xxx.o(STACK)



==============================================================================

Memory Map of the image

  Image Entry point : 0x08000189

  Load Region LR_IROM1 (Base: 0x08000000, Size: 0x0000d03c, Max: 0x00200000, ABSOLUTE, COMPRESSED[0x00008ec4])

    Execution Region ER_IROM1 (Exec base: 0x08000000, Load base: 0x08000000, Size: 0x000074a4, Max: 0x00200000, ABSOLUTE)

    Exec Addr    Load Addr    Size         Type   Attr      Idx    E Section Name        Object

    0x08000000   0x08000000   0x00000188   Data   RO          659    RESET               startup_stm32f40_41xxx.o
    0x08000188   0x08000188   0x00000000   Code   RO         1210  * .ARM.Collect$$$$00000000  mc_w.l(entry.o)
    0x08000188   0x08000188   0x00000004   Code   RO         1504    .ARM.Collect$$$$00000001  mc_w.l(entry2.o)
    0x0800018c   0x0800018c   0x00000004   Code   RO         1507    .ARM.Collect$$$$00000004  mc_w.l(entry5.o)
    0x08000190   0x08000190   0x00000000   Code   RO         1509    .ARM.Collect$$$$00000008  mc_w.l(entry7b.o)
    0x08000190   0x08000190   0x00000000   Code   RO         1511    .ARM.Collect$$$$0000000A  mc_w.l(entry8b.o)
    0x08000190   0x08000190   0x00000008   Code   RO         1512    .ARM.Collect$$$$0000000B  mc_w.l(entry9a.o)
    0x08000198   0x08000198   0x00000000   Code   RO         1514    .ARM.Collect$$$$0000000D  mc_w.l(entry10a.o)
    0x08000198   0x08000198   0x00000000   Code   RO         1516    .ARM.Collect$$$$0000000F  mc_w.l(entry11a.o)
    0x08000198   0x08000198   0x00000004   Code   RO         1505    .ARM.Collect$$$$00002712  mc_w.l(entry2.o)
    0x0800019c   0x0800019c   0x0000001c   Code   RO            3    .text               main.o
    0x080001b8   0x080001b8   0x0000001a   Code   RO          227    .text               stm32f4xx_it.o
    0x080001d2   0x080001d2   0x00000002   PAD
    0x080001d4   0x080001d4   0x00000244   Code   RO          276    .text               system_stm32f4xx.o
    0x08000418   0x08000418   0x0000009c   Code   RO          302    .text               all_init.o
    0x080004b4   0x080004b4   0x00000140   Code   RO          322    .text               gen_scheduler.o
    0x080005f4   0x080005f4   0x00000500   Code   RO          367    .text               control_oled.o
    0x08000af4   0x08000af4   0x000003b4   Code   RO          390    .text               motion_comp.o
    0x08000ea8   0x08000ea8   0x00000020   Code   RO          412    .text               arm_fir_f32.o
    0x08000ec8   0x08000ec8   0x00000420   Code   RO          444    .text               drv_timer.o
    0x080012e8   0x080012e8   0x00000254   Code   RO          467    .text               drv_key.o
    0x0800153c   0x0800153c   0x00000040   Code   RO          491    .text               drv_led.o
    0x0800157c   0x0800157c   0x00000304   Code   RO          511    .text               drv_i2c.o
    0x08001880   0x08001880   0x00000900   Code   RO          534    .text               drv_oled.o
    0x08002180   0x08002180   0x00000250   Code   RO          564    .text               drv_adc.o
    0x080023d0   0x080023d0   0x00000114   Code   RO          585    .text               drv_spi.o
    0x080024e4   0x080024e4   0x0000064c   Code   RO          605    .text               drv_ads1292.o
    0x08002b30   0x08002b30   0x00000024   Code   RO          660    .text               startup_stm32f40_41xxx.o
    0x08002b54   0x08002b54   0x000000e0   Code   RO          666    .text               misc.o
    0x08002c34   0x08002c34   0x00000464   Code   RO          686    .text               stm32f4xx_adc.o
    0x08003098   0x08003098   0x00000110   Code   RO          766    .text               stm32f4xx_exti.o
    0x080031a8   0x080031a8   0x00000294   Code   RO          829    .text               stm32f4xx_gpio.o
    0x0800343c   0x0800343c   0x00000456   Code   RO          849    .text               stm32f4xx_i2c.o
    0x08003892   0x08003892   0x00000002   PAD
    0x08003894   0x08003894   0x00000660   Code   RO          869    .text               stm32f4xx_rcc.o
    0x08003ef4   0x08003ef4   0x00000480   Code   RO          911    .text               stm32f4xx_spi.o
    0x08004374   0x08004374   0x00000094   Code   RO          931    .text               stm32f4xx_syscfg.o
    0x08004408   0x08004408   0x00000ca2   Code   RO          951    .text               stm32f4xx_tim.o
    0x080050aa   0x080050aa   0x00000002   PAD
    0x080050ac   0x080050ac   0x00000454   Code   RO          971    .text               stm32f4xx_usart.o
    0x08005500   0x08005500   0x00000104   Code   RO         1011    .text               delay.o
    0x08005604   0x08005604   0x000004ea   Code   RO         1051    .text               usart.o
    0x08005aee   0x08005aee   0x00000002   PAD
    0x08005af0   0x08005af0   0x0000012c   Code   RO         1082    .text               usart3_it.o
    0x08005c1c   0x08005c1c   0x00000288   Code   RO         1105    .text               usart4.o
    0x08005ea4   0x08005ea4   0x000001e4   Code   RO         1133    .text               usart2.o
    0x08006088   0x08006088   0x0000001c   Code   RO         1158    .text               arm_cortexM4lf_math.lib(arm_fir_init_f32.o)
    0x080060a4   0x080060a4   0x00000024   Code   RO         1213    .text               mc_w.l(memseta.o)
    0x080060c8   0x080060c8   0x0000000e   Code   RO         1215    .text               mc_w.l(strlen.o)
    0x080060d6   0x080060d6   0x0000001a   Code   RO         1478    .text               mc_w.l(atoi.o)
    0x080060f0   0x080060f0   0x0000014e   Code   RO         1480    .text               mf_w.l(dadd.o)
    0x0800623e   0x0800623e   0x000000e4   Code   RO         1482    .text               mf_w.l(dmul.o)
    0x08006322   0x08006322   0x000000de   Code   RO         1484    .text               mf_w.l(ddiv.o)
    0x08006400   0x08006400   0x00000022   Code   RO         1488    .text               mf_w.l(dflti.o)
    0x08006422   0x08006422   0x0000001a   Code   RO         1490    .text               mf_w.l(dfltui.o)
    0x0800643c   0x0800643c   0x0000003e   Code   RO         1492    .text               mf_w.l(dfixi.o)
    0x0800647a   0x0800647a   0x00000032   Code   RO         1494    .text               mf_w.l(dfixui.o)
    0x080064ac   0x080064ac   0x00000026   Code   RO         1496    .text               mf_w.l(f2d.o)
    0x080064d2   0x080064d2   0x00000002   PAD
    0x080064d4   0x080064d4   0x00000030   Code   RO         1498    .text               mf_w.l(cdcmple.o)
    0x08006504   0x08006504   0x00000030   Code   RO         1500    .text               mf_w.l(cdrcmple.o)
    0x08006534   0x08006534   0x00000038   Code   RO         1502    .text               mf_w.l(d2f.o)
    0x0800656c   0x0800656c   0x00000062   Code   RO         1520    .text               mc_w.l(uldiv.o)
    0x080065ce   0x080065ce   0x0000001e   Code   RO         1522    .text               mc_w.l(llshl.o)
    0x080065ec   0x080065ec   0x00000020   Code   RO         1524    .text               mc_w.l(llushr.o)
    0x0800660c   0x0800660c   0x00000024   Code   RO         1526    .text               mc_w.l(llsshr.o)
    0x08006630   0x08006630   0x00000070   Code   RO         1535    .text               mc_w.l(strtol.o)
    0x080066a0   0x080066a0   0x00000000   Code   RO         1537    .text               mc_w.l(iusefp.o)
    0x080066a0   0x080066a0   0x0000006e   Code   RO         1538    .text               mf_w.l(fepilogue.o)
    0x0800670e   0x0800670e   0x000000ba   Code   RO         1540    .text               mf_w.l(depilogue.o)
    0x080067c8   0x080067c8   0x00000024   Code   RO         1544    .text               mc_w.l(init.o)
    0x080067ec   0x080067ec   0x00000008   Code   RO         1546    .text               mc_w.l(ctype_o.o)
    0x080067f4   0x080067f4   0x0000009e   Code   RO         1574    .text               mc_w.l(_strtoul.o)
    0x08006892   0x08006892   0x0000001c   Code   RO         1576    .text               mc_w.l(_chval.o)
    0x080068ae   0x080068ae   0x0000005e   Code   RO         1586    .text               mc_w.l(__dclz77c.o)
    0x0800690c   0x0800690c   0x00000020   Code   RO         1350    i.__0printf$5       mc_w.l(printf5.o)
    0x0800692c   0x0800692c   0x00000008   Code   RO         1528    i.__aeabi_errno_addr  mc_w.l(errno.o)
    0x08006934   0x08006934   0x00000014   Code   RO         1204    i.__hardfp_fabs     m_wm.l(fabs.o)
    0x08006948   0x08006948   0x0000000e   Code   RO         1580    i.__scatterload_copy  mc_w.l(handlers.o)
    0x08006956   0x08006956   0x00000002   Code   RO         1581    i.__scatterload_null  mc_w.l(handlers.o)
    0x08006958   0x08006958   0x0000000e   Code   RO         1582    i.__scatterload_zeroinit  mc_w.l(handlers.o)
    0x08006966   0x08006966   0x00000002   PAD
    0x08006968   0x08006968   0x000002c0   Code   RO         1357    i._printf_core      mc_w.l(printf5.o)
    0x08006c28   0x08006c28   0x000007d4   Data   RO          414    .constdata          arm_fir_f32.o
    0x080073fc   0x080073fc   0x00000081   Data   RO         1547    .constdata          mc_w.l(ctype_o.o)
    0x0800747d   0x0800747d   0x00000003   PAD
    0x08007480   0x08007480   0x00000004   Data   RO         1548    .constdata          mc_w.l(ctype_o.o)
    0x08007484   0x08007484   0x00000020   Data   RO         1578    Region$$Table       anon$$obj.o


    Execution Region RW_IRAM2 (Exec base: 0x10000000, Load base: 0x08008ec4, Size: 0x00000000, Max: 0x00010000, ABSOLUTE)

    **** No section assigned to this execution region ****


    Execution Region RW_IRAM1 (Exec base: 0x20000000, Load base: 0x080074a4, Size: 0x00007288, Max: 0x00030000, ABSOLUTE, COMPRESSED[0x00001a20])

    Exec Addr    Load Addr    Size         Type   Attr      Idx    E Section Name        Object

    0x20000000   COMPRESSED   0x00000014   Data   RW          277    .data               system_stm32f4xx.o
    0x20000014   COMPRESSED   0x00000048   Data   RW          323    .data               gen_scheduler.o
    0x2000005c   COMPRESSED   0x00000075   Data   RW          346    .data               gen_structconfig.o
    0x200000d1   COMPRESSED   0x00000630   Data   RW          368    .data               control_oled.o
    0x20000701   COMPRESSED   0x00000007   PAD
    0x20000708   COMPRESSED   0x00000010   Data   RW          391    .data               motion_comp.o
    0x20000718   COMPRESSED   0x00000008   Data   RW          445    .data               drv_timer.o
    0x20000720   COMPRESSED   0x00000001   Data   RW          469    .data               drv_key.o
    0x20000721   COMPRESSED   0x00000001   PAD
    0x20000722   COMPRESSED   0x00000003   Data   RW          512    .data               drv_i2c.o
    0x20000725   COMPRESSED   0x00005401   Data   RW          536    .data               drv_oled.o
    0x20005b26   COMPRESSED   0x00000020   Data   RW          607    .data               drv_ads1292.o
    0x20005b46   COMPRESSED   0x00000002   PAD
    0x20005b48   COMPRESSED   0x0000000c   Data   RW          634    .data               uppercomputer_ano_v7.o
    0x20005b54   COMPRESSED   0x00000010   Data   RW          870    .data               stm32f4xx_rcc.o
    0x20005b64   COMPRESSED   0x00000004   Data   RW         1012    .data               delay.o
    0x20005b68   COMPRESSED   0x00000023   Data   RW         1053    .data               usart.o
    0x20005b8b   COMPRESSED   0x00000001   Data   RW         1084    .data               usart3_it.o
    0x20005b8c   COMPRESSED   0x00000006   Data   RW         1107    .data               usart4.o
    0x20005b92   COMPRESSED   0x00000001   Data   RW         1135    .data               usart2.o
    0x20005b93   COMPRESSED   0x00000001   PAD
    0x20005b94   COMPRESSED   0x00000004   Data   RW         1531    .data               mc_w.l(errno.o)
    0x20005b98        -       0x00000194   Zero   RW          345    .bss                gen_structconfig.o
    0x20005d2c        -       0x00000870   Zero   RW          413    .bss                arm_fir_f32.o
    0x2000659c        -       0x00000010   Zero   RW          468    .bss                drv_key.o
    0x200065ac        -       0x00000400   Zero   RW          535    .bss                drv_oled.o
    0x200069ac        -       0x00000015   Zero   RW          606    .bss                drv_ads1292.o
    0x200069c1   COMPRESSED   0x00000003   PAD
    0x200069c4        -       0x000001f4   Zero   RW          633    .bss                uppercomputer_ano_v7.o
    0x20006bb8        -       0x000000d1   Zero   RW         1052    .bss                usart.o
    0x20006c89        -       0x000000fa   Zero   RW         1083    .bss                usart3_it.o
    0x20006d83        -       0x00000104   Zero   RW         1134    .bss                usart2.o
    0x20006e87   COMPRESSED   0x00000001   PAD
    0x20006e88        -       0x00000400   Zero   RW          657    STACK               startup_stm32f40_41xxx.o


==============================================================================

Image component sizes


      Code (inc. data)   RO Data    RW Data    ZI Data      Debug   Object Name

       156         20          0          0          0        611   all_init.o
        32         12       2004          0       2160       1516   arm_fir_f32.o
      1280         52          0       1584          0       2723   control_oled.o
       260          8          0          4          0       1509   delay.o
       592         52          0          0          0       1385   drv_adc.o
      1612        172          0         32         21       8209   drv_ads1292.o
       772         30          0          3          0       2355   drv_i2c.o
       596         34          0          1         16       1839   drv_key.o
        64          4          0          0          0        555   drv_led.o
      2304         72          0      21505       1024       7410   drv_oled.o
       276         10          0          0          0       1101   drv_spi.o
      1056         90          0          8          0       2279   drv_timer.o
       320         60          0         72          0       1830   gen_scheduler.o
         0          0          0        117        404       1542   gen_structconfig.o
        28          4          0          0          0     349007   main.o
       224         20          0          0          0       1845   misc.o
       948         92          0         16          0       2729   motion_comp.o
        36          8        392          0       1024        832   startup_stm32f40_41xxx.o
      1124         24          0          0          0      10714   stm32f4xx_adc.o
       272         10          0          0          0       2311   stm32f4xx_exti.o
       660         44          0          0          0       4185   stm32f4xx_gpio.o
      1110         26          0          0          0       8703   stm32f4xx_i2c.o
        26          0          0          0          0       1234   stm32f4xx_it.o
      1632         54          0         16          0      13132   stm32f4xx_rcc.o
      1152         36          0          0          0       6933   stm32f4xx_spi.o
       148         12          0          0          0       1857   stm32f4xx_syscfg.o
      3234         60          0          0          0      23040   stm32f4xx_tim.o
      1108         34          0          0          0       7908   stm32f4xx_usart.o
       580         46          0         20          0       1843   system_stm32f4xx.o
         0          0          0         12        500       1700   uppercomputer_ano_v7.o
      1258         50          0         35        209       6094   usart.o
       484         28          0          1        260       1840   usart2.o
       300         58          0          1        250        688   usart3_it.o
       648         42          0          6          0       2959   usart4.o

    ----------------------------------------------------------------------
     24300       1264       2428      23444       5872     484418   Object Totals
         0          0         32          0          0          0   (incl. Generated)
         8          0          0         11          4          0   (incl. Padding)

    ----------------------------------------------------------------------

      Code (inc. data)   RO Data    RW Data    ZI Data      Debug   Library Member Name

        28          0          0          0          0      17235   arm_fir_init_f32.o
        20          0          0          0          0        124   fabs.o
        94          0          0          0          0          0   __dclz77c.o
        28          0          0          0          0         68   _chval.o
       158          0          0          0          0         92   _strtoul.o
        26          0          0          0          0         80   atoi.o
         8          4        133          0          0         68   ctype_o.o
         0          0          0          0          0          0   entry.o
         0          0          0          0          0          0   entry10a.o
         0          0          0          0          0          0   entry11a.o
         8          4          0          0          0          0   entry2.o
         4          0          0          0          0          0   entry5.o
         0          0          0          0          0          0   entry7b.o
         0          0          0          0          0          0   entry8b.o
         8          4          0          0          0          0   entry9a.o
         8          4          0          4          0         68   errno.o
        30          0          0          0          0          0   handlers.o
        36          8          0          0          0         68   init.o
         0          0          0          0          0          0   iusefp.o
        30          0          0          0          0         68   llshl.o
        36          0          0          0          0         68   llsshr.o
        32          0          0          0          0         68   llushr.o
        36          0          0          0          0        108   memseta.o
       736         56          0          0          0        184   printf5.o
        14          0          0          0          0         68   strlen.o
       112          0          0          0          0         88   strtol.o
        98          0          0          0          0         92   uldiv.o
        48          0          0          0          0         68   cdcmple.o
        48          0          0          0          0         68   cdrcmple.o
        56          0          0          0          0         88   d2f.o
       334          0          0          0          0        148   dadd.o
       222          0          0          0          0        100   ddiv.o
       186          0          0          0          0        176   depilogue.o
        62          0          0          0          0         80   dfixi.o
        50          0          0          0          0         76   dfixui.o
        34          0          0          0          0         76   dflti.o
        26          0          0          0          0         76   dfltui.o
       228          0          0          0          0         96   dmul.o
        38          0          0          0          0         68   f2d.o
       110          0          0          0          0        168   fepilogue.o

    ----------------------------------------------------------------------
      2996         80        136          4          0      19835   Library Totals
         4          0          3          0          0          0   (incl. Padding)

    ----------------------------------------------------------------------

      Code (inc. data)   RO Data    RW Data    ZI Data      Debug   Library Name

        28          0          0          0          0      17235   arm_cortexM4lf_math.lib
        20          0          0          0          0        124   m_wm.l
      1502         80        133          4          0       1188   mc_w.l
      1442          0          0          0          0       1288   mf_w.l

    ----------------------------------------------------------------------
      2996         80        136          4          0      19835   Library Totals

    ----------------------------------------------------------------------

==============================================================================


      Code (inc. data)   RO Data    RW Data    ZI Data      Debug   

     27296       1344       2564      23448       5872     496989   Grand Totals
     27296       1344       2564       6688       5872     496989   ELF Image Totals (compressed)
     27296       1344       2564       6688          0          0   ROM Totals

==============================================================================

    Total RO  Size (Code + RO Data)                29860 (  29.16kB)
    Total RW  Size (RW Data + ZI Data)             29320 (  28.63kB)
    Total ROM Size (Code + RO Data + RW Data)      36548 (  35.69kB)

==============================================================================

